Component: ARM Compiler 5.06 update 6 (build 750) Tool: armlink [4d35ed]

==============================================================================

Section Cross References

    ht32f5xxxx_01_it.o(i.HardFault_Handler) refers to ht32f5xxxx_01_it.o(.data) for .data
    main.o(i.FLASH_Check) refers to printf6.o(i.__0printf$6) for __2printf
    main.o(i.FLASH_Check) refers to main.o(i.FLASH_Erase) for FLASH_Erase
    main.o(i.FLASH_Erase) refers to ht32f5xxxx_flash.o(i.FLASH_ErasePage) for FLASH_ErasePage
    main.o(i.FLASH_Program) refers to ht32f5xxxx_flash.o(i.FLASH_ProgramWordData) for FLASH_ProgramWordData
    main.o(i.main) refers to memcpya.o(.text) for __aeabi_memcpy4
    main.o(i.main) refers to ht32f5xxxx_ckcu.o(i.CKCU_PeripClockConfig) for CKCU_PeripClockConfig
    main.o(i.main) refers to ht32f5xxxx_gpio.o(i.AFIO_GPxConfig) for AFIO_GPxConfig
    main.o(i.main) refers to ht32f5xxxx_gpio.o(i.GPIO_DirectionConfig) for GPIO_DirectionConfig
    main.o(i.main) refers to ffixi.o(.text) for __aeabi_f2iz
    main.o(i.main) refers to keypad.o(i.Keypad_init) for Keypad_init
    main.o(i.main) refers to keypad.o(i.reKeys) for reKeys
    main.o(i.main) refers to lcdx.o(i.LCD_INIT) for LCD_INIT
    main.o(i.main) refers to rtc.o(i.RTC_INIT) for RTC_INIT
    main.o(i.main) refers to rtc.o(i.RTC_Configuration) for RTC_Configuration
    main.o(i.main) refers to ht32f5xxxx_rtc.o(i.RTC_Cmd) for RTC_Cmd
    main.o(i.main) refers to lcdx.o(i.SetSpeed) for SetSpeed
    main.o(i.main) refers to lcdx.o(i.OWFirst) for OWFirst
    main.o(i.main) refers to lcdx.o(i.reR) for reR
    main.o(i.main) refers to lcdx.o(i.OWNext) for OWNext
    main.o(i.main) refers to lcdx.o(i.Init_LCD) for Init_LCD
    main.o(i.main) refers to lcdx.o(i.LCD_ClearScreen) for LCD_ClearScreen
    main.o(i.main) refers to ht32_retarget.o(i.RETARGET_Configuration) for RETARGET_Configuration
    main.o(i.main) refers to hx711.o(i.HX_begin) for HX_begin
    main.o(i.main) refers to hx711.o(i.power_down) for power_down
    main.o(i.main) refers to delay.o(i.delay_ms) for delay_ms
    main.o(i.main) refers to hx711.o(i.power_up) for power_up
    main.o(i.main) refers to hx711.o(i.set_scale) for set_scale
    main.o(i.main) refers to hx711.o(i.tare) for tare
    main.o(i.main) refers to hx711.o(i.get_units) for get_units
    main.o(i.main) refers to motor.o(i.motor_init) for motor_init
    main.o(i.main) refers to keypad.o(i.getKeys) for getKeys
    main.o(i.main) refers to ht32f5xxxx_rtc.o(i.RTC_GetCounter) for RTC_GetCounter
    main.o(i.main) refers to rtc.o(i.TDL) for TDL
    main.o(i.main) refers to printf6.o(i.__0sprintf$6) for __2sprintf
    main.o(i.main) refers to strncmp.o(.text) for strncmp
    main.o(i.main) refers to lcdx.o(i.LCD_PrintLine) for LCD_PrintLine
    main.o(i.main) refers to fflti.o(.text) for __aeabi_i2f
    main.o(i.main) refers to main.o(.constdata) for .constdata
    main.o(i.main) refers to main.o(.data) for .data
    main.o(i.main) refers to main.o(.bss) for .bss
    startup_ht32f5xxxx_01.o(RESET) refers to startup_ht32f5xxxx_01.o(STACK) for __initial_sp
    startup_ht32f5xxxx_01.o(RESET) refers to ht32f5xxxx_01_it.o(i.NMI_Handler) for NMI_Handler
    startup_ht32f5xxxx_01.o(RESET) refers to ht32f5xxxx_01_it.o(i.HardFault_Handler) for HardFault_Handler
    startup_ht32f5xxxx_01.o(RESET) refers to ht32f5xxxx_01_it.o(i.SVC_Handler) for SVC_Handler
    startup_ht32f5xxxx_01.o(RESET) refers to ht32f5xxxx_01_it.o(i.PendSV_Handler) for PendSV_Handler
    startup_ht32f5xxxx_01.o(RESET) refers to ht32f5xxxx_01_it.o(i.SysTick_Handler) for SysTick_Handler
    startup_ht32f5xxxx_01.o(RESET) refers to rtc.o(i.RTC_IRQHandler) for RTC_IRQHandler
    startup_ht32f5xxxx_01.o(RESET) refers to system_ht32f5xxxx_01.o(i.SystemInit) for SystemInit
    startup_ht32f5xxxx_01.o(RESET) refers to entry.o(.ARM.Collect$$$$00000000) for __main
    ht32_usbd_core.o(i.USBDCore_GetStatus) refers to ht32_usbd_core.o(.data) for .data
    ht32_usbd_core.o(i.USBDCore_IRQHandler) refers to ht32f5xxxx_usbd.o(i.USBD_GetINT) for USBD_GetINT
    ht32_usbd_core.o(i.USBDCore_IRQHandler) refers to ht32f5xxxx_usbd.o(i.USBD_ClearINT) for USBD_ClearINT
    ht32_usbd_core.o(i.USBDCore_IRQHandler) refers to ht32f5xxxx_usbd.o(i.USBD_PowerOff) for USBD_PowerOff
    ht32_usbd_core.o(i.USBDCore_IRQHandler) refers to ht32f5xxxx_usbd.o(i.USBD_DeInit) for USBD_DeInit
    ht32_usbd_core.o(i.USBDCore_IRQHandler) refers to ht32f5xxxx_usbd.o(i.USBD_PowerOn) for USBD_PowerOn
    ht32_usbd_core.o(i.USBDCore_IRQHandler) refers to ht32f5xxxx_usbd.o(i.USBD_EPTInit) for USBD_EPTInit
    ht32_usbd_core.o(i.USBDCore_IRQHandler) refers to ht32f5xxxx_usbd.o(i.USBD_EnableINT) for USBD_EnableINT
    ht32_usbd_core.o(i.USBDCore_IRQHandler) refers to ht32f5xxxx_usbd.o(i.USBD_EPTGetINT) for USBD_EPTGetINT
    ht32_usbd_core.o(i.USBDCore_IRQHandler) refers to ht32f5xxxx_usbd.o(i.USBD_ReadSETUPData) for USBD_ReadSETUPData
[...]
    Removing ht32f5xxxx_sci.o(i.SCI_OutputDIO), (18 bytes).
    Removing ht32f5xxxx_sci.o(i.SCI_PDMACmd), (16 bytes).
    Removing ht32f5xxxx_sci.o(i.SCI_ReceiveData), (6 bytes).
    Removing ht32f5xxxx_sci.o(i.SCI_SendData), (4 bytes).
    Removing ht32f5xxxx_sci.o(i.SCI_SetGuardTimeValue), (4 bytes).
    Removing ht32f5xxxx_sci.o(i.SCI_SetWaitingTimeValue), (4 bytes).
    Removing ht32f5xxxx_sci.o(i.SCI_SoftwareClockCmd), (18 bytes).
    Removing ht32f5xxxx_sci.o(i.SCI_StructInit), (14 bytes).
    Removing ht32f5xxxx_sci.o(i.SCI_WaitingTimeCounterCmd), (18 bytes).
    Removing ht32f5xxxx_spi.o(.rev16_text), (4 bytes).
    Removing ht32f5xxxx_spi.o(.revsh_text), (4 bytes).
    Removing ht32f5xxxx_spi.o(i.SPI_ClearFlag), (4 bytes).
    Removing ht32f5xxxx_spi.o(i.SPI_Cmd), (20 bytes).
    Removing ht32f5xxxx_spi.o(i.SPI_DUALCmd), (18 bytes).
    Removing ht32f5xxxx_spi.o(i.SPI_DeInit), (44 bytes).
    Removing ht32f5xxxx_spi.o(i.SPI_FIFOCmd), (20 bytes).
    Removing ht32f5xxxx_spi.o(i.SPI_FIFOTriggerLevelConfig), (32 bytes).
    Removing ht32f5xxxx_spi.o(i.SPI_GUARDTCmd), (18 bytes).
    Removing ht32f5xxxx_spi.o(i.SPI_GUARDTConfig), (20 bytes).
    Removing ht32f5xxxx_spi.o(i.SPI_GetFIFOStatus), (20 bytes).
    Removing ht32f5xxxx_spi.o(i.SPI_GetFlagStatus), (14 bytes).
    Removing ht32f5xxxx_spi.o(i.SPI_Init), (72 bytes).
    Removing ht32f5xxxx_spi.o(i.SPI_IntConfig), (16 bytes).
    Removing ht32f5xxxx_spi.o(i.SPI_PDMACmd), (16 bytes).
    Removing ht32f5xxxx_spi.o(i.SPI_ReceiveData), (6 bytes).
    Removing ht32f5xxxx_spi.o(i.SPI_SELHTConfig), (14 bytes).
    Removing ht32f5xxxx_spi.o(i.SPI_SELModeConfig), (20 bytes).
    Removing ht32f5xxxx_spi.o(i.SPI_SELOutputCmd), (18 bytes).
    Removing ht32f5xxxx_spi.o(i.SPI_SendData), (4 bytes).
    Removing ht32f5xxxx_spi.o(i.SPI_SetDataLength), (16 bytes).
    Removing ht32f5xxxx_spi.o(i.SPI_SetTimeOutValue), (4 bytes).
    Removing ht32f5xxxx_spi.o(i.SPI_SoftwareSELCmd), (18 bytes).
    Removing ht32f5xxxx_spi.o(i.SPI_StructInit), (28 bytes).
    Removing ht32f5xxxx_tm.o(.rev16_text), (4 bytes).
    Removing ht32f5xxxx_tm.o(.revsh_text), (4 bytes).
    Removing ht32f5xxxx_tm.o(i.TM_CHCCDSConfig), (20 bytes).
    Removing ht32f5xxxx_tm.o(i.TM_CHCCRPreloadConfig), (24 bytes).
    Removing ht32f5xxxx_tm.o(i.TM_CHPSCConfig), (22 bytes).
    Removing ht32f5xxxx_tm.o(i.TM_CKDIVConfig), (18 bytes).
    Removing ht32f5xxxx_tm.o(i.TM_CRRPreloadCmd), (18 bytes).
    Removing ht32f5xxxx_tm.o(i.TM_CaptureInit), (32 bytes).
    Removing ht32f5xxxx_tm.o(i.TM_CaptureStructInit), (18 bytes).
    Removing ht32f5xxxx_tm.o(i.TM_ChExternalClockConfig), (50 bytes).
    Removing ht32f5xxxx_tm.o(i.TM_ChPolarityConfig), (20 bytes).
    Removing ht32f5xxxx_tm.o(i.TM_ChannelConfig), (24 bytes).
    Removing ht32f5xxxx_tm.o(i.TM_ClearFlag), (10 bytes).
    Removing ht32f5xxxx_tm.o(i.TM_ClearIntPendingBit), (10 bytes).
    Removing ht32f5xxxx_tm.o(i.TM_ClearOREFConfig), (24 bytes).
    Removing ht32f5xxxx_tm.o(i.TM_CounterModeConfig), (28 bytes).
    Removing ht32f5xxxx_tm.o(i.TM_DeInit), (88 bytes).
    Removing ht32f5xxxx_tm.o(i.TM_DecoderConfig), (64 bytes).
    Removing ht32f5xxxx_tm.o(i.TM_EtiConfig), (24 bytes).
    Removing ht32f5xxxx_tm.o(i.TM_EtiExternalClockConfig), (20 bytes).
    Removing ht32f5xxxx_tm.o(i.TM_ForcedOREF), (18 bytes).
    Removing ht32f5xxxx_tm.o(i.TM_GenerateEvent), (4 bytes).
    Removing ht32f5xxxx_tm.o(i.TM_GetCaptureCompare), (10 bytes).
    Removing ht32f5xxxx_tm.o(i.TM_GetCounter), (6 bytes).
    Removing ht32f5xxxx_tm.o(i.TM_GetFlagStatus), (10 bytes).
    Removing ht32f5xxxx_tm.o(i.TM_GetIntStatus), (24 bytes).
    Removing ht32f5xxxx_tm.o(i.TM_GetPrescaler), (6 bytes).
    Removing ht32f5xxxx_tm.o(i.TM_HallInterfaceCmd), (22 bytes).
    Removing ht32f5xxxx_tm.o(i.TM_ImmActiveConfig), (24 bytes).
    Removing ht32f5xxxx_tm.o(i.TM_IntConfig), (16 bytes).
    Removing ht32f5xxxx_tm.o(i.TM_InternalClockConfig), (12 bytes).
    Removing ht32f5xxxx_tm.o(i.TM_ItiExternalClockConfig), (20 bytes).
    Removing ht32f5xxxx_tm.o(i.TM_MMSELConfig), (14 bytes).
    Removing ht32f5xxxx_tm.o(i.TM_OutputModeConfig), (32 bytes).
    Removing ht32f5xxxx_tm.o(i.TM_OutputStructInit), (24 bytes).
    Removing ht32f5xxxx_tm.o(i.TM_PDMAConfig), (16 bytes).
    Removing ht32f5xxxx_tm.o(i.TM_PrescalerConfig), (8 bytes).
    Removing ht32f5xxxx_tm.o(i.TM_PwmInputInit), (90 bytes).
    Removing ht32f5xxxx_tm.o(i.TM_SetAsymmetricCompare), (10 bytes).
    Removing ht32f5xxxx_tm.o(i.TM_SetCaptureCompare), (10 bytes).
    Removing ht32f5xxxx_tm.o(i.TM_SetCounter), (6 bytes).
    Removing ht32f5xxxx_tm.o(i.TM_SetCounterReload), (6 bytes).
    Removing ht32f5xxxx_tm.o(i.TM_SinglePulseModeCmd), (20 bytes).
    Removing ht32f5xxxx_tm.o(i.TM_SlaveModeConfig), (14 bytes).
    Removing ht32f5xxxx_tm.o(i.TM_StiConfig), (26 bytes).
    Removing ht32f5xxxx_tm.o(i.TM_TimSyncCmd), (20 bytes).
    Removing ht32f5xxxx_tm.o(i.TM_TimeBaseStructInit), (20 bytes).
    Removing ht32f5xxxx_tm.o(i.TM_UEVG_IntConfig), (18 bytes).
    Removing ht32f5xxxx_tm.o(i.TM_UpdateCmd), (20 bytes).
    Removing ht32f5xxxx_tm.o(i._TM_CHx_Config), (60 bytes).
    Removing ht32f5xxxx_usart.o(.rev16_text), (4 bytes).
    Removing ht32f5xxxx_usart.o(.revsh_text), (4 bytes).
    Removing ht32f5xxxx_usart.o(i.USART_ClearFlag), (8 bytes).
    Removing ht32f5xxxx_usart.o(i.USART_DeInit), (68 bytes).
    Removing ht32f5xxxx_usart.o(i.USART_FIFOReset), (8 bytes).
    Removing ht32f5xxxx_usart.o(i.USART_ForceBreakCmd), (20 bytes).
    Removing ht32f5xxxx_usart.o(i.USART_GetFIFOStatus), (18 bytes).
    Removing ht32f5xxxx_usart.o(i.USART_GetFlagStatus), (10 bytes).
    Removing ht32f5xxxx_usart.o(i.USART_GetIntStatus), (10 bytes).
    Removing ht32f5xxxx_usart.o(i.USART_HardwareFlowControlCmd), (18 bytes).
    Removing ht32f5xxxx_usart.o(i.USART_IntConfig), (16 bytes).
    Removing ht32f5xxxx_usart.o(i.USART_IrDACmd), (20 bytes).
    Removing ht32f5xxxx_usart.o(i.USART_IrDAConfig), (18 bytes).
    Removing ht32f5xxxx_usart.o(i.USART_IrDADirectionConfig), (18 bytes).
    Removing ht32f5xxxx_usart.o(i.USART_IrDAInvtCmd), (20 bytes).
    Removing ht32f5xxxx_usart.o(i.USART_PDMACmd), (16 bytes).
    Removing ht32f5xxxx_usart.o(i.USART_RS485AADCmd), (18 bytes).
    Removing ht32f5xxxx_usart.o(i.USART_RS485NMMCmd), (18 bytes).
    Removing ht32f5xxxx_usart.o(i.USART_RS485TxEnablePolarityConfig), (20 bytes).
    Removing ht32f5xxxx_usart.o(i.USART_ReceiveData), (6 bytes).
    Removing ht32f5xxxx_usart.o(i.USART_SendData), (4 bytes).
    Removing ht32f5xxxx_usart.o(i.USART_SetAddressMatchValue), (16 bytes).
    Removing ht32f5xxxx_usart.o(i.USART_SetGuardTime), (16 bytes).
    Removing ht32f5xxxx_usart.o(i.USART_SetIrDAPrescaler), (16 bytes).
    Removing ht32f5xxxx_usart.o(i.USART_SetTimeOutValue), (16 bytes).
    Removing ht32f5xxxx_usart.o(i.USART_StickParityCmd), (20 bytes).
    Removing ht32f5xxxx_usart.o(i.USART_StickParityConfig), (24 bytes).
    Removing ht32f5xxxx_usart.o(i.USART_StructInit), (22 bytes).
    Removing ht32f5xxxx_usart.o(i.USART_SynClockInit), (26 bytes).
    Removing ht32f5xxxx_usart.o(i.USART_SynClockStructInit), (12 bytes).
    Removing ht32f5xxxx_usart.o(i.USART_TXRXTLConfig), (20 bytes).
    Removing ht32f5xxxx_usbd.o(.rev16_text), (4 bytes).
    Removing ht32f5xxxx_usbd.o(.revsh_text), (4 bytes).
    Removing ht32f5xxxx_usbd.o(i.USBD_ClearINT), (12 bytes).
    Removing ht32f5xxxx_usbd.o(i.USBD_DPWakeUpCmd), (28 bytes).
    Removing ht32f5xxxx_usbd.o(i.USBD_DPpullupCmd), (24 bytes).
    Removing ht32f5xxxx_usbd.o(i.USBD_DeInit), (16 bytes).
    Removing ht32f5xxxx_usbd.o(i.USBD_DisableDefaultPull), (12 bytes).
    Removing ht32f5xxxx_usbd.o(i.USBD_DisableINT), (16 bytes).
    Removing ht32f5xxxx_usbd.o(i.USBD_EPTClearDTG), (16 bytes).
    Removing ht32f5xxxx_usbd.o(i.USBD_EPTClearHalt), (16 bytes).
    Removing ht32f5xxxx_usbd.o(i.USBD_EPTClearINT), (12 bytes).
    Removing ht32f5xxxx_usbd.o(i.USBD_EPTEnableINT), (12 bytes).
    Removing ht32f5xxxx_usbd.o(i.USBD_EPTGetBuffer0Addr), (24 bytes).
    Removing ht32f5xxxx_usbd.o(i.USBD_EPTGetBuffer1Addr), (36 bytes).
    Removing ht32f5xxxx_usbd.o(i.USBD_EPTGetBufferLen), (14 bytes).
    Removing ht32f5xxxx_usbd.o(i.USBD_EPTGetHalt), (24 bytes).
    Removing ht32f5xxxx_usbd.o(i.USBD_EPTGetINT), (14 bytes).
    Removing ht32f5xxxx_usbd.o(i.USBD_EPTGetTransferCount), (18 bytes).
    Removing ht32f5xxxx_usbd.o(i.USBD_EPTInit), (36 bytes).
    Removing ht32f5xxxx_usbd.o(i.USBD_EPTReadMemory), (56 bytes).
    Removing ht32f5xxxx_usbd.o(i.USBD_EPTReadOUTData), (48 bytes).
    Removing ht32f5xxxx_usbd.o(i.USBD_EPTReset), (16 bytes).
    Removing ht32f5xxxx_usbd.o(i.USBD_EPTSendSTALL), (12 bytes).
    Removing ht32f5xxxx_usbd.o(i.USBD_EPTSetHalt), (20 bytes).
    Removing ht32f5xxxx_usbd.o(i.USBD_EPTWaitSTALLSent), (32 bytes).
    Removing ht32f5xxxx_usbd.o(i.USBD_EPTWriteINData), (68 bytes).
    Removing ht32f5xxxx_usbd.o(i.USBD_EnableINT), (16 bytes).
    Removing ht32f5xxxx_usbd.o(i.USBD_GetEPTnINTNumber), (32 bytes).
    Removing ht32f5xxxx_usbd.o(i.USBD_GetINT), (20 bytes).
    Removing ht32f5xxxx_usbd.o(i.USBD_Init), (8 bytes).
    Removing ht32f5xxxx_usbd.o(i.USBD_PowerOff), (16 bytes).
    Removing ht32f5xxxx_usbd.o(i.USBD_PowerOn), (28 bytes).
    Removing ht32f5xxxx_usbd.o(i.USBD_PowerUp), (116 bytes).
    Removing ht32f5xxxx_usbd.o(i.USBD_PreInit), (24 bytes).
    Removing ht32f5xxxx_usbd.o(i.USBD_ReadSETUPData), (16 bytes).
    Removing ht32f5xxxx_usbd.o(i.USBD_RemoteWakeup), (16 bytes).
    Removing ht32f5xxxx_usbd.o(i.USBD_SRAMResetConditionCmd), (24 bytes).
    Removing ht32f5xxxx_usbd.o(i.USBD_SetAddress), (20 bytes).
    Removing ht32f5xxxx_usbd.o(i._USBD_CopyMemory), (138 bytes).
    Removing ht32f5xxxx_usbd.o(i._USBD_GetEPTnAddr), (16 bytes).
    Removing ht32f5xxxx_usbd.o(.data), (4 bytes).
    Removing ht32f5xxxx_wdt.o(.rev16_text), (4 bytes).
    Removing ht32f5xxxx_wdt.o(.revsh_text), (4 bytes).
    Removing ht32f5xxxx_wdt.o(i.WDT_Cmd), (28 bytes).
    Removing ht32f5xxxx_wdt.o(i.WDT_DeInit), (16 bytes).
    Removing ht32f5xxxx_wdt.o(i.WDT_GetDeltaValue), (16 bytes).
    Removing ht32f5xxxx_wdt.o(i.WDT_GetFlagStatus), (20 bytes).
    Removing ht32f5xxxx_wdt.o(i.WDT_GetPrescaler), (20 bytes).
    Removing ht32f5xxxx_wdt.o(i.WDT_GetReloadValue), (16 bytes).
    Removing ht32f5xxxx_wdt.o(i.WDT_HaltConfig), (24 bytes).
    Removing ht32f5xxxx_wdt.o(i.WDT_LockCmd), (36 bytes).
    Removing ht32f5xxxx_wdt.o(i.WDT_ProtectCmd), (28 bytes).
    Removing ht32f5xxxx_wdt.o(i.WDT_ResetCmd), (28 bytes).
    Removing ht32f5xxxx_wdt.o(i.WDT_Restart), (16 bytes).
    Removing ht32f5xxxx_wdt.o(i.WDT_SetDeltaValue), (20 bytes).
    Removing ht32f5xxxx_wdt.o(i.WDT_SetPrescaler), (20 bytes).
    Removing ht32f5xxxx_wdt.o(i.WDT_SetReloadValue), (20 bytes).
    Removing ht32f5xxxx_wdt.o(i.WDT_SourceConfig), (16 bytes).
    Removing ht32_board.o(.rev16_text), (4 bytes).
    Removing ht32_board.o(.revsh_text), (4 bytes).
    Removing ht32_board.o(i.HT32F_DVB_BuzzerFun), (292 bytes).
    Removing ht32_board.o(i.HT32F_DVB_BuzzerOutputCmd), (20 bytes).
    Removing ht32_board.o(i.HT32F_DVB_LEDOn), (24 bytes).
    Removing ht32_board.o(i.HT32F_DVB_PBGetState), (28 bytes).
    Removing ht32_board.o(i.HT32F_DVB_PBInit), (196 bytes).
    Removing ht32_retarget.o(.rev16_text), (4 bytes).
    Removing ht32_retarget.o(.revsh_text), (4 bytes).
    Removing ht32_retarget.o(i.__backspace), (4 bytes).
    Removing ht32_retarget.o(i._sys_exit), (2 bytes).
    Removing ht32_retarget.o(i._ttywrch), (8 bytes).
    Removing ht32_retarget.o(i.fgetc), (8 bytes).
    Removing ht32_retarget.o(i.fputc), (8 bytes).
    Removing ht32_retarget.o(.data), (4 bytes).
    Removing ht32_retarget.o(.data), (4 bytes).
    Removing ht32_serial.o(.rev16_text), (4 bytes).
    Removing ht32_serial.o(.revsh_text), (4 bytes).
    Removing ht32_serial.o(i.SERIAL_Flush), (2 bytes).
    Removing ht32_serial.o(i.SERIAL_GetChar), (28 bytes).
    Removing ht32_serial.o(i.SERIAL_PutChar), (20 bytes).
    Removing lcdx.o(.rev16_text), (4 bytes).
    Removing lcdx.o(.revsh_text), (4 bytes).
    Removing lcdx.o(i.OWReadByte), (30 bytes).
    Removing lcdx.o(i.ReadDesignateTemper), (112 bytes).
    Removing delay.o(.rev16_text), (4 bytes).
    Removing delay.o(.revsh_text), (4 bytes).
    Removing delay.o(i.delay_s), (28 bytes).
    Removing hx711.o(.rev16_text), (4 bytes).
    Removing hx711.o(.revsh_text), (4 bytes).
    Removing hx711.o(i.is_ready), (24 bytes).
    Removing hx711.o(i.reset), (24 bytes).
    Removing hx711.o(i.wait_ready), (22 bytes).
    Removing hx711.o(i.wait_ready_retry), (38 bytes).
    Removing hx711.o(i.wait_ready_timeout), (38 bytes).
    Removing hx711.o(.data), (4 bytes).
    Removing hx711.o(.data), (4 bytes).
    Removing rtc.o(.rev16_text), (4 bytes).
    Removing rtc.o(.revsh_text), (4 bytes).
    Removing rtc.o(i.ScanUnsignedDecimal), (40 bytes).
    Removing rtc.o(i.Time_Set), (14 bytes).
    Removing keypad.o(.rev16_text), (4 bytes).
    Removing keypad.o(.revsh_text), (4 bytes).
    Removing motor.o(.rev16_text), (4 bytes).
    Removing motor.o(.revsh_text), (4 bytes).
    Removing motor.o(i.motor_end), (52 bytes).
    Removing motor.o(i.motor_start), (100 bytes).
    Removing motor.o(.data), (1 bytes).
    Removing dadd.o(.text), (356 bytes).
    Removing ddiv.o(.text), (240 bytes).
    Removing dfixul.o(.text), (64 bytes).
    Removing cdrcmple.o(.text), (40 bytes).

514 unused section(s) (total 13836 bytes) removed from the image.

==============================================================================

Image Symbol Table

    Local Symbols

    Symbol Name                              Value     Ov Type        Size  Object(Section)

    RESET                                    0x00000000   Section      356  startup_ht32f5xxxx_01.o(RESET)
    ../clib/../cmprslib/zerorunl2.c          0x00000000   Number         0  __dczerorl2.o ABSOLUTE
    ../clib/microlib/division.c              0x00000000   Number         0  uldiv.o ABSOLUTE
    ../clib/microlib/division.c              0x00000000   Number         0  uidiv.o ABSOLUTE
    ../clib/microlib/division.c              0x00000000   Number         0  idiv.o ABSOLUTE
    ../clib/microlib/init/entry.s            0x00000000   Number         0  entry.o ABSOLUTE
    ../clib/microlib/init/entry.s            0x00000000   Number         0  entry7a.o ABSOLUTE
    ../clib/microlib/init/entry.s            0x00000000   Number         0  entry10b.o ABSOLUTE
    ../clib/microlib/init/entry.s            0x00000000   Number         0  entry10a.o ABSOLUTE
    ../clib/microlib/init/entry.s            0x00000000   Number         0  entry9b.o ABSOLUTE
    ../clib/microlib/init/entry.s            0x00000000   Number         0  entry9a.o ABSOLUTE
    ../clib/microlib/init/entry.s            0x00000000   Number         0  entry8b.o ABSOLUTE
    ../clib/microlib/init/entry.s            0x00000000   Number         0  entry11a.o ABSOLUTE
    ../clib/microlib/init/entry.s            0x00000000   Number         0  entry8a.o ABSOLUTE
    ../clib/microlib/init/entry.s            0x00000000   Number         0  entry7b.o ABSOLUTE
    ../clib/microlib/init/entry.s            0x00000000   Number         0  entry11b.o ABSOLUTE
    ../clib/microlib/init/entry.s            0x00000000   Number         0  entry5.o ABSOLUTE
    ../clib/microlib/init/entry.s            0x00000000   Number         0  entry2.o ABSOLUTE
    ../clib/microlib/longlong.c              0x00000000   Number         0  llsshr.o ABSOLUTE
    ../clib/microlib/longlong.c              0x00000000   Number         0  llshl.o ABSOLUTE
    ../clib/microlib/longlong.c              0x00000000   Number         0  llushr.o ABSOLUTE
    ../clib/microlib/printf/printf.c         0x00000000   Number         0  printf6.o ABSOLUTE
    ../clib/microlib/printf/printf.c         0x00000000   Number         0  printf7.o ABSOLUTE
    ../clib/microlib/printf/printf.c         0x00000000   Number         0  printf8.o ABSOLUTE
    ../clib/microlib/printf/printf.c         0x00000000   Number         0  printfb.o ABSOLUTE
    ../clib/microlib/printf/printf.c         0x00000000   Number         0  printf0.o ABSOLUTE
    ../clib/microlib/printf/printf.c         0x00000000   Number         0  printf1.o ABSOLUTE
    ../clib/microlib/printf/printf.c         0x00000000   Number         0  printf2.o ABSOLUTE
    ../clib/microlib/printf/printf.c         0x00000000   Number         0  printf3.o ABSOLUTE
    ../clib/microlib/printf/printf.c         0x00000000   Number         0  printfa.o ABSOLUTE
    ../clib/microlib/printf/printf.c         0x00000000   Number         0  printf4.o ABSOLUTE
    ../clib/microlib/printf/printf.c         0x00000000   Number         0  printf5.o ABSOLUTE
    ../clib/microlib/printf/stubs.s          0x00000000   Number         0  stubs.o ABSOLUTE
    ../clib/microlib/stdio/getc.c            0x00000000   Number         0  getc.o ABSOLUTE
    ../clib/microlib/string/memcpy.c         0x00000000   Number         0  memcpya.o ABSOLUTE
    ../clib/microlib/string/memcpy.c         0x00000000   Number         0  memcpyb.o ABSOLUTE
    ../clib/microlib/string/strlen.c         0x00000000   Number         0  strlen.o ABSOLUTE
    ../clib/microlib/string/strncmp.c        0x00000000   Number         0  strncmp.o ABSOLUTE
    ../clib/microlib/stubs.s                 0x00000000   Number         0  iusefp.o ABSOLUTE
    ../clib/microlib/stubs.s                 0x00000000   Number         0  useno.o ABSOLUTE
    ../clib/microlib/unhosted.c              0x00000000   Number         0  uread4.o ABSOLUTE
    ../fplib/microlib/fpadd.c                0x00000000   Number         0  dadd.o ABSOLUTE
    ../fplib/microlib/fpdiv.c                0x00000000   Number         0  ddiv.o ABSOLUTE
    ../fplib/microlib/fpdiv.c                0x00000000   Number         0  fdiv.o ABSOLUTE
    ../fplib/microlib/fpepilogue.c           0x00000000   Number         0  depilogue.o ABSOLUTE
    ../fplib/microlib/fpepilogue.c           0x00000000   Number         0  fepilogue.o ABSOLUTE
    ../fplib/microlib/fpfix.c                0x00000000   Number         0  ffixi.o ABSOLUTE
    ../fplib/microlib/fpfix.c                0x00000000   Number         0  dfixi.o ABSOLUTE
    ../fplib/microlib/fpfix.c                0x00000000   Number         0  dfixul.o ABSOLUTE
    ../fplib/microlib/fpflt.c                0x00000000   Number         0  fflti.o ABSOLUTE
    ../fplib/microlib/fpflt.c                0x00000000   Number         0  dflti.o ABSOLUTE
    ../fplib/microlib/fpmul.c                0x00000000   Number         0  dmul.o ABSOLUTE
    ../fplib/microlib/fpscalb.c              0x00000000   Number         0  dscalb.o ABSOLUTE
    ..\Code\ht32_usbd_core.c                 0x00000000   Number         0  ht32_usbd_core.o ABSOLUTE
    ..\Code\system_ht32f5xxxx_01.c           0x00000000   Number         0  system_ht32f5xxxx_01.o ABSOLUTE
    ..\Config\ht32_op.s                      0x00000000   Number         0  ht32_op.o ABSOLUTE
    ..\Config\startup_ht32f5xxxx_01.s        0x00000000   Number         0  startup_ht32f5xxxx_01.o ABSOLUTE
    ..\Hardware\Delay\delay.c                0x00000000   Number         0  delay.o ABSOLUTE
    ..\Hardware\HX711\HX711.c                0x00000000   Number         0  hx711.o ABSOLUTE
    ..\Hardware\Keypad\Keypad.c              0x00000000   Number         0  keypad.o ABSOLUTE
    ..\Hardware\LCD\ASC.c                    0x00000000   Number         0  asc.o ABSOLUTE
    ..\Hardware\LCD\LCDx.c                   0x00000000   Number         0  lcdx.o ABSOLUTE
    ..\Hardware\RTC\RTC.c                    0x00000000   Number         0  rtc.o ABSOLUTE
    ..\Hardware\motor\motor.c                0x00000000   Number         0  motor.o ABSOLUTE
    ..\Utilities\ht32_board.c                0x00000000   Number         0  ht32_board.o ABSOLUTE
    ..\Utilities\ht32_retarget.c             0x00000000   Number         0  ht32_retarget.o ABSOLUTE
    ..\Utilities\ht32_serial.c               0x00000000   Number         0  ht32_serial.o ABSOLUTE
    ..\\Code\\ht32_usbd_core.c               0x00000000   Number         0  ht32_usbd_core.o ABSOLUTE
    ..\\Code\\system_ht32f5xxxx_01.c         0x00000000   Number         0  system_ht32f5xxxx_01.o ABSOLUTE
    ..\\Hardware\\Delay\\delay.c             0x00000000   Number         0  delay.o ABSOLUTE
    ..\\Hardware\\HX711\\HX711.c             0x00000000   Number         0  hx711.o ABSOLUTE
    ..\\Hardware\\Keypad\\Keypad.c           0x00000000   Number         0  keypad.o ABSOLUTE
    ..\\Hardware\\LCD\\LCDx.c                0x00000000   Number         0  lcdx.o ABSOLUTE
    ..\\Hardware\\RTC\\RTC.c                 0x00000000   Number         0  rtc.o ABSOLUTE
    ..\\Hardware\\motor\\motor.c             0x00000000   Number         0  motor.o ABSOLUTE
    ..\\Utilities\\ht32_board.c              0x00000000   Number         0  ht32_board.o ABSOLUTE
    ..\\Utilities\\ht32_retarget.c           0x00000000   Number         0  ht32_retarget.o ABSOLUTE
    ..\\Utilities\\ht32_serial.c             0x00000000   Number         0  ht32_serial.o ABSOLUTE
    C:\Users\µúµú\Downloads\holtek\library\HT32F5xxxx_Driver\src\ht32_cm0plus_misc.c 0x00000000   Number         0  ht32_cm0plus_misc.o ABSOLUTE
    C:\Users\µúµú\Downloads\holtek\library\HT32F5xxxx_Driver\src\ht32f5xxxx_adc.c 0x00000000   Number         0  ht32f5xxxx_adc.o ABSOLUTE
    C:\Users\µúµú\Downloads\holtek\library\HT32F5xxxx_Driver\src\ht32f5xxxx_bftm.c 0x00000000   Number         0  ht32f5xxxx_bftm.o ABSOLUTE
    C:\Users\µúµú\Downloads\holtek\library\HT32F5xxxx_Driver\src\ht32f5xxxx_ckcu.c 0x00000000   Number         0  ht32f5xxxx_ckcu.o ABSOLUTE
    C:\Users\µúµú\Downloads\holtek\library\HT32F5xxxx_Driver\src\ht32f5xxxx_cmp.c 0x00000000   Number         0  ht32f5xxxx_cmp.o ABSOLUTE
    C:\Users\µúµú\Downloads\holtek\library\HT32F5xxxx_Driver\src\ht32f5xxxx_crc.c 0x00000000   Number         0  ht32f5xxxx_crc.o ABSOLUTE
    C:\Users\µúµú\Downloads\holtek\library\HT32F5xxxx_Driver\src\ht32f5xxxx_ebi.c 0x00000000   Number         0  ht32f5xxxx_ebi.o ABSOLUTE
    C:\Users\µúµú\Downloads\holtek\library\HT32F5xxxx_Driver\src\ht32f5xxxx_exti.c 0x00000000   Number         0  ht32f5xxxx_exti.o ABSOLUTE
    C:\Users\µúµú\Downloads\holtek\library\HT32F5xxxx_Driver\src\ht32f5xxxx_flash.c 0x00000000   Number         0  ht32f5xxxx_flash.o ABSOLUTE
    C:\Users\µúµú\Downloads\holtek\library\HT32F5xxxx_Driver\src\ht32f5xxxx_gpio.c 0x00000000   Number         0  ht32f5xxxx_gpio.o ABSOLUTE
    C:\Users\µúµú\Downloads\holtek\library\HT32F5xxxx_Driver\src\ht32f5xxxx_i2c.c 0x00000000   Number         0  ht32f5xxxx_i2c.o ABSOLUTE
    C:\Users\µúµú\Downloads\holtek\library\HT32F5xxxx_Driver\src\ht32f5xxxx_i2s.c 0x00000000   Number         0  ht32f5xxxx_i2s.o ABSOLUTE
    C:\Users\µúµú\Downloads\holtek\library\HT32F5xxxx_Driver\src\ht32f5xxxx_mctm.c 0x00000000   Number         0  ht32f5xxxx_mctm.o ABSOLUTE
    C:\Users\µúµú\Downloads\holtek\library\HT32F5xxxx_Driver\src\ht32f5xxxx_pdma.c 0x00000000   Number         0  ht32f5xxxx_pdma.o ABSOLUTE
    C:\Users\µúµú\Downloads\holtek\library\HT32F5xxxx_Driver\src\ht32f5xxxx_pwrcu.c 0x00000000   Number         0  ht32f5xxxx_pwrcu.o ABSOLUTE
    C:\Users\µúµú\Downloads\holtek\library\HT32F5xxxx_Driver\src\ht32f5xxxx_rstcu.c 0x00000000   Number         0  ht32f5xxxx_rstcu.o ABSOLUTE
    C:\Users\µúµú\Downloads\holtek\library\HT32F5xxxx_Driver\src\ht32f5xxxx_rtc.c 0x00000000   Number         0  ht32f5xxxx_rtc.o ABSOLUTE
    C:\Users\µúµú\Downloads\holtek\library\HT32F5xxxx_Driver\src\ht32f5xxxx_sci.c 0x00000000   Number         0  ht32f5xxxx_sci.o ABSOLUTE
    C:\Users\µúµú\Downloads\holtek\library\HT32F5xxxx_Driver\src\ht32f5xxxx_spi.c 0x00000000   Number         0  ht32f5xxxx_spi.o ABSOLUTE
    C:\Users\µúµú\Downloads\holtek\library\HT32F5xxxx_Driver\src\ht32f5xxxx_tm.c 0x00000000   Number         0  ht32f5xxxx_tm.o ABSOLUTE
    C:\Users\µúµú\Downloads\holtek\library\HT32F5xxxx_Driver\src\ht32f5xxxx_usart.c 0x00000000   Number         0  ht32f5xxxx_usart.o ABSOLUTE
    C:\Users\µúµú\Downloads\holtek\library\HT32F5xxxx_Driver\src\ht32f5xxxx_usbd.c 0x00000000   Number         0  ht32f5xxxx_usbd.o ABSOLUTE
    C:\Users\µúµú\Downloads\holtek\library\HT32F5xxxx_Driver\src\ht32f5xxxx_wdt.c 0x00000000   Number         0  ht32f5xxxx_wdt.o ABSOLUTE
    C:\\Users\\\265\372\265\372\\Downloads\\holtek\\library\\HT32F5xxxx_Driver\\src\\ht32_cm0plus_misc.c 0x00000000   Number         0  ht32_cm0plus_misc.o ABSOLUTE
    C:\\Users\\\265\372\265\372\\Downloads\\holtek\\library\\HT32F5xxxx_Driver\\src\\ht32f5xxxx_adc.c 0x00000000   Number         0  ht32f5xxxx_adc.o ABSOLUTE
    C:\\Users\\\265\372\265\372\\Downloads\\holtek\\library\\HT32F5xxxx_Driver\\src\\ht32f5xxxx_bftm.c 0x00000000   Number         0  ht32f5xxxx_bftm.o ABSOLUTE
    C:\\Users\\\265\372\265\372\\Downloads\\holtek\\library\\HT32F5xxxx_Driver\\src\\ht32f5xxxx_ckcu.c 0x00000000   Number         0  ht32f5xxxx_ckcu.o ABSOLUTE
    C:\\Users\\\265\372\265\372\\Downloads\\holtek\\library\\HT32F5xxxx_Driver\\src\\ht32f5xxxx_cmp.c 0x00000000   Number         0  ht32f5xxxx_cmp.o ABSOLUTE
    C:\\Users\\\265\372\265\372\\Downloads\\holtek\\library\\HT32F5xxxx_Driver\\src\\ht32f5xxxx_crc.c 0x00000000   Number         0  ht32f5xxxx_crc.o ABSOLUTE
    C:\\Users\\\265\372\265\372\\Downloads\\holtek\\library\\HT32F5xxxx_Driver\\src\\ht32f5xxxx_ebi.c 0x00000000   Number         0  ht32f5xxxx_ebi.o ABSOLUTE
    C:\\Users\\\265\372\265\372\\Downloads\\holtek\\library\\HT32F5xxxx_Driver\\src\\ht32f5xxxx_exti.c 0x00000000   Number         0  ht32f5xxxx_exti.o ABSOLUTE
    C:\\Users\\\265\372\265\372\\Downloads\\holtek\\library\\HT32F5xxxx_Driver\\src\\ht32f5xxxx_flash.c 0x00000000   Number         0  ht32f5xxxx_flash.o ABSOLUTE
    C:\\Users\\\265\372\265\372\\Downloads\\holtek\\library\\HT32F5xxxx_Driver\\src\\ht32f5xxxx_gpio.c 0x00000000   Number         0  ht32f5xxxx_gpio.o ABSOLUTE
    C:\\Users\\\265\372\265\372\\Downloads\\holtek\\library\\HT32F5xxxx_Driver\\src\\ht32f5xxxx_i2c.c 0x00000000   Number         0  ht32f5xxxx_i2c.o ABSOLUTE
    C:\\Users\\\265\372\265\372\\Downloads\\holtek\\library\\HT32F5xxxx_Driver\\src\\ht32f5xxxx_i2s.c 0x00000000   Number         0  ht32f5xxxx_i2s.o ABSOLUTE
    C:\\Users\\\265\372\265\372\\Downloads\\holtek\\library\\HT32F5xxxx_Driver\\src\\ht32f5xxxx_mctm.c 0x00000000   Number         0  ht32f5xxxx_mctm.o ABSOLUTE
    C:\\Users\\\265\372\265\372\\Downloads\\holtek\\library\\HT32F5xxxx_Driver\\src\\ht32f5xxxx_pdma.c 0x00000000   Number         0  ht32f5xxxx_pdma.o ABSOLUTE
    C:\\Users\\\265\372\265\372\\Downloads\\holtek\\library\\HT32F5xxxx_Driver\\src\\ht32f5xxxx_pwrcu.c 0x00000000   Number         0  ht32f5xxxx_pwrcu.o ABSOLUTE
    C:\\Users\\\265\372\265\372\\Downloads\\holtek\\library\\HT32F5xxxx_Driver\\src\\ht32f5xxxx_rstcu.c 0x00000000   Number         0  ht32f5xxxx_rstcu.o ABSOLUTE
    C:\\Users\\\265\372\265\372\\Downloads\\holtek\\library\\HT32F5xxxx_Driver\\src\\ht32f5xxxx_rtc.c 0x00000000   Number         0  ht32f5xxxx_rtc.o ABSOLUTE
    C:\\Users\\\265\372\265\372\\Downloads\\holtek\\library\\HT32F5xxxx_Driver\\src\\ht32f5xxxx_sci.c 0x00000000   Number         0  ht32f5xxxx_sci.o ABSOLUTE
    C:\\Users\\\265\372\265\372\\Downloads\\holtek\\library\\HT32F5xxxx_Driver\\src\\ht32f5xxxx_spi.c 0x00000000   Number         0  ht32f5xxxx_spi.o ABSOLUTE
    C:\\Users\\\265\372\265\372\\Downloads\\holtek\\library\\HT32F5xxxx_Driver\\src\\ht32f5xxxx_tm.c 0x00000000   Number         0  ht32f5xxxx_tm.o ABSOLUTE
    C:\\Users\\\265\372\265\372\\Downloads\\holtek\\library\\HT32F5xxxx_Driver\\src\\ht32f5xxxx_usart.c 0x00000000   Number         0  ht32f5xxxx_usart.o ABSOLUTE
    C:\\Users\\\265\372\265\372\\Downloads\\holtek\\library\\HT32F5xxxx_Driver\\src\\ht32f5xxxx_usbd.c 0x00000000   Number         0  ht32f5xxxx_usbd.o ABSOLUTE
    C:\\Users\\\265\372\265\372\\Downloads\\holtek\\library\\HT32F5xxxx_Driver\\src\\ht32f5xxxx_wdt.c 0x00000000   Number         0  ht32f5xxxx_wdt.o ABSOLUTE
    cdrcmple.s                               0x00000000   Number         0  cdrcmple.o ABSOLUTE
    dc.s                                     0x00000000   Number         0  dc.o ABSOLUTE
    handlers.s                               0x00000000   Number         0  handlers.o ABSOLUTE
    ht32f5xxxx_01_it.c                       0x00000000   Number         0  ht32f5xxxx_01_it.o ABSOLUTE
    ht32f5xxxx_01_it.c                       0x00000000   Number         0  ht32f5xxxx_01_it.o ABSOLUTE
    init.s                                   0x00000000   Number         0  init.o ABSOLUTE
    main.c                                   0x00000000   Number         0  main.o ABSOLUTE
    main.c                                   0x00000000   Number         0  main.o ABSOLUTE
    BootProcess                              0x000000cd   Thumb Code    94  startup_ht32f5xxxx_01.o(RESET)
    .ARM.Collect$$$$00000000                 0x00000164   Section        0  entry.o(.ARM.Collect$$$$00000000)
    .ARM.Collect$$$$00000001                 0x00000164   Section        4  entry2.o(.ARM.Collect$$$$00000001)
    .ARM.Collect$$$$00000004                 0x00000168   Section        4  entry5.o(.ARM.Collect$$$$00000004)
    .ARM.Collect$$$$00000008                 0x0000016c   Section        0  entry7b.o(.ARM.Collect$$$$00000008)
    .ARM.Collect$$$$0000000A                 0x0000016c   Section        0  entry8b.o(.ARM.Collect$$$$0000000A)
    .ARM.Collect$$$$0000000B                 0x0000016c   Section        8  entry9a.o(.ARM.Collect$$$$0000000B)
    .ARM.Collect$$$$0000000D                 0x00000174   Section        0  entry10a.o(.ARM.Collect$$$$0000000D)
    .ARM.Collect$$$$0000000F                 0x00000174   Section        0  entry11a.o(.ARM.Collect$$$$0000000F)
    .ARM.Collect$$$$00002712                 0x00000174   Section        4  entry2.o(.ARM.Collect$$$$00002712)
    __lit__00000000                          0x00000174   Data           4  entry2.o(.ARM.Collect$$$$00002712)
    .text                                    0x00000178   Section        0  uidiv.o(.text)
    .text                                    0x000001a4   Section        0  idiv.o(.text)
    .text                                    0x000001cc   Section        0  memcpya.o(.text)
    .text                                    0x000001f0   Section        0  strlen.o(.text)
    .text                                    0x000001fe   Section        0  strncmp.o(.text)
    .text                                    0x0000021c   Section        0  uread4.o(.text)
    .text                                    0x00000230   Section        0  fdiv.o(.text)
    .text                                    0x000002ac   Section        0  dmul.o(.text)
    .text                                    0x0000037c   Section        0  dscalb.o(.text)
    .text                                    0x000003a8   Section        0  fflti.o(.text)
    .text                                    0x000003c0   Section        0  dflti.o(.text)
    .text                                    0x000003e8   Section        0  ffixi.o(.text)
    .text                                    0x0000041c   Section        0  dfixi.o(.text)
    .text                                    0x00000464   Section        0  llushr.o(.text)
    .text                                    0x00000486   Section        0  iusefp.o(.text)
    .text                                    0x00000486   Section        0  fepilogue.o(.text)
    .text                                    0x00000508   Section        0  depilogue.o(.text)
    .text                                    0x000005c8   Section       36  init.o(.text)
    .text                                    0x000005ec   Section        0  llshl.o(.text)
    .text                                    0x0000060c   Section        0  __dczerorl2.o(.text)
    i.AFIO_GPxConfig                         0x00000664   Section        0  ht32f5xxxx_gpio.o(i.AFIO_GPxConfig)
    i.CKCU_GetClockReadyStatus               0x000006bc   Section        0  ht32f5xxxx_ckcu.o(i.CKCU_GetClockReadyStatus)
    i.CKCU_GetClocksFrequency                0x000006d0   Section        0  ht32f5xxxx_ckcu.o(i.CKCU_GetClocksFrequency)
    i.CKCU_GetPLLFrequency                   0x0000073c   Section        0  ht32f5xxxx_ckcu.o(i.CKCU_GetPLLFrequency)
    i.CKCU_GetPeripFrequency                 0x00000778   Section        0  ht32f5xxxx_ckcu.o(i.CKCU_GetPeripFrequency)
    i.CKCU_PeripClockConfig                  0x000007ac   Section        0  ht32f5xxxx_ckcu.o(i.CKCU_PeripClockConfig)
    i.GPIO_DirectionConfig                   0x000007d4   Section        0  ht32f5xxxx_gpio.o(i.GPIO_DirectionConfig)
    i.GPIO_DriveConfig                       0x000007e4   Section        0  ht32f5xxxx_gpio.o(i.GPIO_DriveConfig)
    i.GPIO_InputConfig                       0x00000814   Section        0  ht32f5xxxx_gpio.o(i.GPIO_InputConfig)
    i.GPIO_PullResistorConfig                0x00000824   Section        0  ht32f5xxxx_gpio.o(i.GPIO_PullResistorConfig)
    i.GPIO_ReadInBit                         0x0000084e   Section        0  ht32f5xxxx_gpio.o(i.GPIO_ReadInBit)
    i.GPIO_WriteOutBits                      0x00000858   Section        0  ht32f5xxxx_gpio.o(i.GPIO_WriteOutBits)
    i.HT32F_DVB_COMInit                      0x00000864   Section        0  ht32_board.o(i.HT32F_DVB_COMInit)
    i.HT32F_DVB_LEDInit                      0x000008b4   Section        0  ht32_board.o(i.HT32F_DVB_LEDInit)
    i.HT32F_DVB_LEDOff                       0x0000090c   Section        0  ht32_board.o(i.HT32F_DVB_LEDOff)
    i.HT32F_DVB_LEDToggle                    0x00000924   Section        0  ht32_board.o(i.HT32F_DVB_LEDToggle)
    i.HX_begin                               0x00000944   Section        0  hx711.o(i.HX_begin)
    i.HardFault_Handler                      0x00000990   Section        0  ht32f5xxxx_01_it.o(i.HardFault_Handler)
    i.Init_LCD                               0x000009a0   Section        0  lcdx.o(i.Init_LCD)
    i.Keypad_init                            0x00000a30   Section        0  keypad.o(i.Keypad_init)
    i.LCD_ClearScreen                        0x00000b74   Section        0  lcdx.o(i.LCD_ClearScreen)
    i.LCD_INIT                               0x00000bb8   Section        0  lcdx.o(i.LCD_INIT)
    i.LCD_PrintLine                          0x00000c7c   Section        0  lcdx.o(i.LCD_PrintLine)
    i.LCD_PrintWord                          0x00000cb0   Section        0  lcdx.o(i.LCD_PrintWord)
    i.LCD_SendCommand                        0x00000d4c   Section        0  lcdx.o(i.LCD_SendCommand)
    i.LCD_SendData                           0x00000db0   Section        0  lcdx.o(i.LCD_SendData)
    i.MCTM_CHBRKCTRConfig                    0x00000e08   Section        0  ht32f5xxxx_mctm.o(i.MCTM_CHBRKCTRConfig)
    i.MCTM_CHMOECmd                          0x00000e30   Section        0  ht32f5xxxx_mctm.o(i.MCTM_CHMOECmd)
    i.NMI_Handler                            0x00000e42   Section        0  ht32f5xxxx_01_it.o(i.NMI_Handler)
    i.OWFirst                                0x00000e44   Section        0  lcdx.o(i.OWFirst)
    i.OWNext                                 0x00000e5c   Section        0  lcdx.o(i.OWNext)
    i.OWReadBit                              0x00000e64   Section        0  lcdx.o(i.OWReadBit)
    i.OWSearch                               0x00000ec4   Section        0  lcdx.o(i.OWSearch)
    i.OWTouchReset                           0x00000fcc   Section        0  lcdx.o(i.OWTouchReset)
    i.OWWriteBit                             0x00001038   Section        0  lcdx.o(i.OWWriteBit)
    i.OWWriteByte                            0x00001088   Section        0  lcdx.o(i.OWWriteByte)
    i.PWRCU_CheckReadyAccessed               0x000010a4   Section        0  ht32f5xxxx_pwrcu.o(i.PWRCU_CheckReadyAccessed)
    i.PWRCU_DeInit                           0x000010c4   Section        0  ht32f5xxxx_pwrcu.o(i.PWRCU_DeInit)
    i.PendSV_Handler                         0x000010e0   Section        0  ht32f5xxxx_01_it.o(i.PendSV_Handler)
    i.RETARGET_Configuration                 0x000010e2   Section        0  ht32_retarget.o(i.RETARGET_Configuration)
    i.RTC_ClockSourceConfig                  0x00001100   Section        0  ht32f5xxxx_rtc.o(i.RTC_ClockSourceConfig)
    i.RTC_Cmd                                0x00001114   Section        0  ht32f5xxxx_rtc.o(i.RTC_Cmd)
    i.RTC_Configuration                      0x00001130   Section        0  rtc.o(i.RTC_Configuration)
    i.RTC_GetCounter                         0x00001164   Section        0  ht32f5xxxx_rtc.o(i.RTC_GetCounter)
    i.RTC_GetFlagStatus                      0x00001170   Section        0  ht32f5xxxx_rtc.o(i.RTC_GetFlagStatus)
    i.RTC_INIT                               0x0000117c   Section        0  rtc.o(i.RTC_INIT)
    i.RTC_IRQHandler                         0x000011ac   Section        0  rtc.o(i.RTC_IRQHandler)
    i.RTC_IntConfig                          0x000011c8   Section        0  ht32f5xxxx_rtc.o(i.RTC_IntConfig)
    i.RTC_LSECmd                             0x000011e0   Section        0  ht32f5xxxx_rtc.o(i.RTC_LSECmd)
    i.RTC_LSESMConfig                        0x0000120c   Section        0  ht32f5xxxx_rtc.o(i.RTC_LSESMConfig)
    i.RTC_SetPrescaler                       0x00001220   Section        0  ht32f5xxxx_rtc.o(i.RTC_SetPrescaler)
    i.SVC_Handler                            0x00001238   Section        0  ht32f5xxxx_01_it.o(i.SVC_Handler)
    i.SYSTICK_ClockSourceConfig              0x0000123c   Section        0  ht32_cm0plus_misc.o(i.SYSTICK_ClockSourceConfig)
    i.SYSTICK_CounterCmd                     0x00001254   Section        0  ht32_cm0plus_misc.o(i.SYSTICK_CounterCmd)
    i.SYSTICK_IntConfig                      0x00001278   Section        0  ht32_cm0plus_misc.o(i.SYSTICK_IntConfig)
    i.SYSTICK_SetReloadValue                 0x00001290   Section        0  ht32_cm0plus_misc.o(i.SYSTICK_SetReloadValue)
    i.SetSpeed                               0x0000129c   Section        0  lcdx.o(i.SetSpeed)
    i.SysTick_Handler                        0x00001370   Section        0  ht32f5xxxx_01_it.o(i.SysTick_Handler)
    i.SystemInit                             0x00001374   Section        0  system_ht32f5xxxx_01.o(i.SystemInit)
    i.TDL                                    0x00001470   Section        0  rtc.o(i.TDL)
    i.TM_Cmd                                 0x000014e8   Section        0  ht32f5xxxx_tm.o(i.TM_Cmd)
    i.TM_OutputInit                          0x000014fc   Section        0  ht32f5xxxx_tm.o(i.TM_OutputInit)
    i.TM_TimeBaseInit                        0x0000159c   Section        0  ht32f5xxxx_tm.o(i.TM_TimeBaseInit)
    i.USART_Init                             0x000015dc   Section        0  ht32f5xxxx_usart.o(i.USART_Init)
    i.USART_TxRxCmd                          0x00001660   Section        0  ht32f5xxxx_usart.o(i.USART_TxRxCmd)
    i._HT32F_DVB_ClockConfig                 0x00001674   Section        0  ht32_board.o(i._HT32F_DVB_ClockConfig)
    _HT32F_DVB_ClockConfig                   0x00001675   Thumb Code    72  ht32_board.o(i._HT32F_DVB_ClockConfig)
    i.__0sprintf$6                           0x000016bc   Section        0  printf6.o(i.__0sprintf$6)
    i.__ARM_clz                              0x000016e4   Section        0  depilogue.o(i.__ARM_clz)
    i.__ARM_common_switch8                   0x00001712   Section        0  ht32f5xxxx_ckcu.o(i.__ARM_common_switch8)
    i.__scatterload_copy                     0x0000172c   Section       14  handlers.o(i.__scatterload_copy)
    i.__scatterload_null                     0x0000173a   Section        2  handlers.o(i.__scatterload_null)
    i.__scatterload_zeroinit                 0x0000173c   Section       14  handlers.o(i.__scatterload_zeroinit)
    i._printf_core                           0x0000174c   Section        0  printf6.o(i._printf_core)
    _printf_core                             0x0000174d   Thumb Code   768  printf6.o(i._printf_core)
    i._printf_post_padding                   0x00001a50   Section        0  printf6.o(i._printf_post_padding)
    _printf_post_padding                     0x00001a51   Thumb Code    32  printf6.o(i._printf_post_padding)
    i._printf_pre_padding                    0x00001a70   Section        0  printf6.o(i._printf_pre_padding)
    _printf_pre_padding                      0x00001a71   Thumb Code    44  printf6.o(i._printf_pre_padding)
    i._sputc                                 0x00001a9c   Section        0  printf6.o(i._sputc)
    _sputc                                   0x00001a9d   Thumb Code    10  printf6.o(i._sputc)
    i.delay                                  0x00001aa6   Section        0  lcdx.o(i.delay)
    i.delay_ms                               0x00001ab8   Section        0  delay.o(i.delay_ms)
    i.delay_us                               0x00001ad4   Section        0  delay.o(i.delay_us)
    i.docrc8                                 0x00001b30   Section        0  lcdx.o(i.docrc8)
    i.getKeys                                0x00001b44   Section        0  keypad.o(i.getKeys)
    i.get_units                              0x00001b7c   Section        0  hx711.o(i.get_units)
    i.get_value                              0x00001b94   Section        0  hx711.o(i.get_value)
    i.main                                   0x00001ba8   Section        0  main.o(i.main)
    i.motor_init                             0x00001fd4   Section        0  motor.o(i.motor_init)
    i.power_down                             0x00002124   Section        0  hx711.o(i.power_down)
    i.power_up                               0x00002144   Section        0  hx711.o(i.power_up)
    i.reKeys                                 0x00002158   Section        0  keypad.o(i.reKeys)
    i.reR                                    0x0000219c   Section        0  lcdx.o(i.reR)
    i.read                                   0x000021a8   Section        0  hx711.o(i.read)
    i.readAV                                 0x00002230   Section        0  hx711.o(i.readAV)
    i.scan                                   0x00002258   Section        0  keypad.o(i.scan)
    i.scanKeys                               0x000022ac   Section        0  keypad.o(i.scanKeys)
    i.set_scale                              0x00002350   Section        0  hx711.o(i.set_scale)
    i.shiftIn                                0x0000235c   Section        0  hx711.o(i.shiftIn)
    i.tare                                   0x0000239c   Section        0  hx711.o(i.tare)
    .constdata                               0x000023b0   Section       68  main.o(.constdata)
    .constdata                               0x000023f4   Section       68  ht32_board.o(.constdata)
    .data                                    0x20000000   Section        4  ht32f5xxxx_01_it.o(.data)
    gIsContinue                              0x20000000   Data           4  ht32f5xxxx_01_it.o(.data)
    .data                                    0x20000004   Section      104  main.o(.data)
    .data                                    0x2000006c   Section        4  system_ht32f5xxxx_01.o(.data)
    .data                                    0x20000070   Section     1832  lcdx.o(.data)
    dscrc_table                              0x200000a8   Data         256  lcdx.o(.data)
    Ascii_2                                  0x200001a8   Data        1520  lcdx.o(.data)
    .data                                    0x20000798   Section       16  hx711.o(.data)
    .data                                    0x200007a8   Section       12  keypad.o(.data)
    .bss                                     0x200007b4   Section       48  main.o(.bss)
    .bss                                     0x200007e4   Section       68  lcdx.o(.bss)
    .bss                                     0x20000828   Section       60  motor.o(.bss)
    STACK                                    0x20000868   Section      512  startup_ht32f5xxxx_01.o(STACK)

    Global Symbols

    Symbol Name                              Value     Ov Type        Size  Object(Section)

    BuildAttributes$$THM_ISAv3M$S$PE$A:L22$X:L11$S22$IEEE1$IW$USESV6$~STKCKD$USESV7$~SHL$OTIME$ROPI$EBA8$MICROLIB$REQ8$PRES8$EABIv2 0x00000000   Number         0  anon$$obj.o ABSOLUTE
    __ARM_use_no_argv                        0x00000000   Number         0  main.o ABSOLUTE
    __Vectors                                0x00000000   Data           0  startup_ht32f5xxxx_01.o(RESET)
    __use_no_errno                           0x00000000   Number         0  useno.o ABSOLUTE
    __use_no_exception_handling              0x00000000   Number         0  useno.o ABSOLUTE
    __use_no_fp                              0x00000000   Number         0  useno.o ABSOLUTE
    __use_no_heap                            0x00000000   Number         0  useno.o ABSOLUTE
    __use_no_heap_region                     0x00000000   Number         0  useno.o ABSOLUTE
    __use_no_semihosting                     0x00000000   Number         0  useno.o ABSOLUTE
    __use_no_semihosting_swi                 0x00000000   Number         0  useno.o ABSOLUTE
    __use_no_signal_handling                 0x00000000   Number         0  useno.o ABSOLUTE
    _printf_a                                0x00000000   Number         0  stubs.o ABSOLUTE
    _printf_c                                0x00000000   Number         0  stubs.o ABSOLUTE
    _printf_charcount                        0x00000000   Number         0  stubs.o ABSOLUTE
    _printf_d                                0x00000000   Number         0  stubs.o ABSOLUTE
    _printf_e                                0x00000000   Number         0  stubs.o ABSOLUTE
    _printf_f                                0x00000000   Number         0  stubs.o ABSOLUTE
    _printf_flags                            0x00000000   Number         0  stubs.o ABSOLUTE
    _printf_fp_dec                           0x00000000   Number         0  stubs.o ABSOLUTE
    _printf_fp_hex                           0x00000000   Number         0  stubs.o ABSOLUTE
    _printf_g                                0x00000000   Number         0  stubs.o ABSOLUTE
    _printf_i                                0x00000000   Number         0  stubs.o ABSOLUTE
    _printf_int_dec                          0x00000000   Number         0  stubs.o ABSOLUTE
    _printf_l                                0x00000000   Number         0  stubs.o ABSOLUTE
    _printf_lc                               0x00000000   Number         0  stubs.o ABSOLUTE
    _printf_ll                               0x00000000   Number         0  stubs.o ABSOLUTE
    _printf_lld                              0x00000000   Number         0  stubs.o ABSOLUTE
    _printf_lli                              0x00000000   Number         0  stubs.o ABSOLUTE
    _printf_llo                              0x00000000   Number         0  stubs.o ABSOLUTE
    _printf_llu                              0x00000000   Number         0  stubs.o ABSOLUTE
    _printf_llx                              0x00000000   Number         0  stubs.o ABSOLUTE
    _printf_longlong_dec                     0x00000000   Number         0  stubs.o ABSOLUTE
    _printf_longlong_hex                     0x00000000   Number         0  stubs.o ABSOLUTE
    _printf_longlong_oct                     0x00000000   Number         0  stubs.o ABSOLUTE
    _printf_ls                               0x00000000   Number         0  stubs.o ABSOLUTE
    _printf_mbtowc                           0x00000000   Number         0  stubs.o ABSOLUTE
    _printf_n                                0x00000000   Number         0  stubs.o ABSOLUTE
    _printf_o                                0x00000000   Number         0  stubs.o ABSOLUTE
    _printf_p                                0x00000000   Number         0  stubs.o ABSOLUTE
    _printf_percent                          0x00000000   Number         0  stubs.o ABSOLUTE
    _printf_pre_padding                      0x00000000   Number         0  stubs.o ABSOLUTE
    _printf_return_value                     0x00000000   Number         0  stubs.o ABSOLUTE
    _printf_s                                0x00000000   Number         0  stubs.o ABSOLUTE
    _printf_sizespec                         0x00000000   Number         0  stubs.o ABSOLUTE
    _printf_str                              0x00000000   Number         0  stubs.o ABSOLUTE
    _printf_truncate_signed                  0x00000000   Number         0  stubs.o ABSOLUTE
    _printf_truncate_unsigned                0x00000000   Number         0  stubs.o ABSOLUTE
    _printf_u                                0x00000000   Number         0  stubs.o ABSOLUTE
    _printf_wc                               0x00000000   Number         0  stubs.o ABSOLUTE
    _printf_wctomb                           0x00000000   Number         0  stubs.o ABSOLUTE
    _printf_widthprec                        0x00000000   Number         0  stubs.o ABSOLUTE
    _printf_x                                0x00000000   Number         0  stubs.o ABSOLUTE
    __cpp_initialize__aeabi_                  - Undefined Weak Reference
    __cxa_finalize                            - Undefined Weak Reference
    _clock_init                               - Undefined Weak Reference
    _microlib_exit                            - Undefined Weak Reference
    Reset_Handler                            0x000000c1   Thumb Code    12  startup_ht32f5xxxx_01.o(RESET)
    ADC_IRQHandler                           0x00000135   Thumb Code     0  startup_ht32f5xxxx_01.o(RESET)
    AES_IRQHandler                           0x00000135   Thumb Code     0  startup_ht32f5xxxx_01.o(RESET)
    BFTM0_IRQHandler                         0x00000135   Thumb Code     0  startup_ht32f5xxxx_01.o(RESET)
    BFTM1_IRQHandler                         0x00000135   Thumb Code     0  startup_ht32f5xxxx_01.o(RESET)
    COMP_IRQHandler                          0x00000135   Thumb Code     0  startup_ht32f5xxxx_01.o(RESET)
    EVWUP_IRQHandler                         0x00000135   Thumb Code     0  startup_ht32f5xxxx_01.o(RESET)
    EXTI0_1_IRQHandler                       0x00000135   Thumb Code     0  startup_ht32f5xxxx_01.o(RESET)
    EXTI2_3_IRQHandler                       0x00000135   Thumb Code     0  startup_ht32f5xxxx_01.o(RESET)
    EXTI4_15_IRQHandler                      0x00000135   Thumb Code     0  startup_ht32f5xxxx_01.o(RESET)
    FLASH_IRQHandler                         0x00000135   Thumb Code     0  startup_ht32f5xxxx_01.o(RESET)
    GPTM0_IRQHandler                         0x00000135   Thumb Code     0  startup_ht32f5xxxx_01.o(RESET)
    GPTM1_IRQHandler                         0x00000135   Thumb Code     0  startup_ht32f5xxxx_01.o(RESET)
    I2C0_IRQHandler                          0x00000135   Thumb Code     0  startup_ht32f5xxxx_01.o(RESET)
    I2C1_IRQHandler                          0x00000135   Thumb Code     0  startup_ht32f5xxxx_01.o(RESET)
    I2C2_IRQHandler                          0x00000135   Thumb Code     0  startup_ht32f5xxxx_01.o(RESET)
    I2S_IRQHandler                           0x00000135   Thumb Code     0  startup_ht32f5xxxx_01.o(RESET)
    LVD_BOD_IRQHandler                       0x00000135   Thumb Code     0  startup_ht32f5xxxx_01.o(RESET)
    MCTM0_IRQHandler                         0x00000135   Thumb Code     0  startup_ht32f5xxxx_01.o(RESET)
    MIDI_IRQHandler                          0x00000135   Thumb Code     0  startup_ht32f5xxxx_01.o(RESET)
    PDMA_CH0_1_IRQHandler                    0x00000135   Thumb Code     0  startup_ht32f5xxxx_01.o(RESET)
    PDMA_CH2_5_IRQHandler                    0x00000135   Thumb Code     0  startup_ht32f5xxxx_01.o(RESET)
    PWM0_IRQHandler                          0x00000135   Thumb Code     0  startup_ht32f5xxxx_01.o(RESET)
    PWM1_IRQHandler                          0x00000135   Thumb Code     0  startup_ht32f5xxxx_01.o(RESET)
    QSPI_IRQHandler                          0x00000135   Thumb Code     0  startup_ht32f5xxxx_01.o(RESET)
    SCI_IRQHandler                           0x00000135   Thumb Code     0  startup_ht32f5xxxx_01.o(RESET)
    SCTM0_IRQHandler                         0x00000135   Thumb Code     0  startup_ht32f5xxxx_01.o(RESET)
    SCTM1_IRQHandler                         0x00000135   Thumb Code     0  startup_ht32f5xxxx_01.o(RESET)
    SCTM2_IRQHandler                         0x00000135   Thumb Code     0  startup_ht32f5xxxx_01.o(RESET)
    SCTM3_IRQHandler                         0x00000135   Thumb Code     0  startup_ht32f5xxxx_01.o(RESET)
    SPI0_IRQHandler                          0x00000135   Thumb Code     0  startup_ht32f5xxxx_01.o(RESET)
    SPI1_IRQHandler                          0x00000135   Thumb Code     0  startup_ht32f5xxxx_01.o(RESET)
    UART0_IRQHandler                         0x00000135   Thumb Code     0  startup_ht32f5xxxx_01.o(RESET)
    UART1_IRQHandler                         0x00000135   Thumb Code     0  startup_ht32f5xxxx_01.o(RESET)
    UART2_IRQHandler                         0x00000135   Thumb Code     0  startup_ht32f5xxxx_01.o(RESET)
    UART3_IRQHandler                         0x00000135   Thumb Code     0  startup_ht32f5xxxx_01.o(RESET)
    USART0_IRQHandler                        0x00000135   Thumb Code     0  startup_ht32f5xxxx_01.o(RESET)
    USART1_IRQHandler                        0x00000135   Thumb Code     0  startup_ht32f5xxxx_01.o(RESET)
    USB_IRQHandler                           0x00000135   Thumb Code     0  startup_ht32f5xxxx_01.o(RESET)
    __main                                   0x00000165   Thumb Code     0  entry.o(.ARM.Collect$$$$00000000)
    _main_stk                                0x00000165   Thumb Code     0  entry2.o(.ARM.Collect$$$$00000001)
    _main_scatterload                        0x00000169   Thumb Code     0  entry5.o(.ARM.Collect$$$$00000004)
    __main_after_scatterload                 0x0000016d   Thumb Code     0  entry5.o(.ARM.Collect$$$$00000004)
    _main_clock                              0x0000016d   Thumb Code     0  entry7b.o(.ARM.Collect$$$$00000008)
    _main_cpp_init                           0x0000016d   Thumb Code     0  entry8b.o(.ARM.Collect$$$$0000000A)
    _main_init                               0x0000016d   Thumb Code     0  entry9a.o(.ARM.Collect$$$$0000000B)
    __rt_final_cpp                           0x00000175   Thumb Code     0  entry10a.o(.ARM.Collect$$$$0000000D)
    __rt_final_exit                          0x00000175   Thumb Code     0  entry11a.o(.ARM.Collect$$$$0000000F)
    __aeabi_uidiv                            0x00000179   Thumb Code     0  uidiv.o(.text)
    __aeabi_uidivmod                         0x00000179   Thumb Code    44  uidiv.o(.text)
    __aeabi_idiv                             0x000001a5   Thumb Code     0  idiv.o(.text)
    __aeabi_idivmod                          0x000001a5   Thumb Code    40  idiv.o(.text)
    __aeabi_memcpy                           0x000001cd   Thumb Code    36  memcpya.o(.text)
    __aeabi_memcpy4                          0x000001cd   Thumb Code     0  memcpya.o(.text)
    __aeabi_memcpy8                          0x000001cd   Thumb Code     0  memcpya.o(.text)
    strlen                                   0x000001f1   Thumb Code    14  strlen.o(.text)
    strncmp                                  0x000001ff   Thumb Code    30  strncmp.o(.text)
    __aeabi_uread4                           0x0000021d   Thumb Code    20  uread4.o(.text)
    __rt_uread4                              0x0000021d   Thumb Code     0  uread4.o(.text)
    _uread4                                  0x0000021d   Thumb Code     0  uread4.o(.text)
    __aeabi_fdiv                             0x00000231   Thumb Code   124  fdiv.o(.text)
    __aeabi_dmul                             0x000002ad   Thumb Code   202  dmul.o(.text)
    __ARM_scalbn                             0x0000037d   Thumb Code    44  dscalb.o(.text)
    scalbn                                   0x0000037d   Thumb Code     0  dscalb.o(.text)
    __aeabi_i2f                              0x000003a9   Thumb Code    22  fflti.o(.text)
    __aeabi_i2d                              0x000003c1   Thumb Code    34  dflti.o(.text)
    __aeabi_f2iz                             0x000003e9   Thumb Code    50  ffixi.o(.text)
    __aeabi_d2iz                             0x0000041d   Thumb Code    62  dfixi.o(.text)
    __aeabi_llsr                             0x00000465   Thumb Code    34  llushr.o(.text)
    _ll_ushift_r                             0x00000465   Thumb Code     0  llushr.o(.text)
    __I$use$fp                               0x00000487   Thumb Code     0  iusefp.o(.text)
    _float_round                             0x00000487   Thumb Code    16  fepilogue.o(.text)
    _float_epilogue                          0x00000497   Thumb Code   114  fepilogue.o(.text)
    _double_round                            0x00000509   Thumb Code    26  depilogue.o(.text)
    _double_epilogue                         0x00000523   Thumb Code   164  depilogue.o(.text)
    __scatterload                            0x000005c9   Thumb Code    28  init.o(.text)
    __scatterload_rt2                        0x000005c9   Thumb Code     0  init.o(.text)
    __aeabi_llsl                             0x000005ed   Thumb Code    32  llshl.o(.text)
    _ll_shift_l                              0x000005ed   Thumb Code     0  llshl.o(.text)
    __decompress                             0x0000060d   Thumb Code     0  __dczerorl2.o(.text)
    __decompress1                            0x0000060d   Thumb Code    86  __dczerorl2.o(.text)
    AFIO_GPxConfig                           0x00000665   Thumb Code    82  ht32f5xxxx_gpio.o(i.AFIO_GPxConfig)
    CKCU_GetClockReadyStatus                 0x000006bd   Thumb Code    16  ht32f5xxxx_ckcu.o(i.CKCU_GetClockReadyStatus)
    CKCU_GetClocksFrequency                  0x000006d1   Thumb Code    98  ht32f5xxxx_ckcu.o(i.CKCU_GetClocksFrequency)
    CKCU_GetPLLFrequency                     0x0000073d   Thumb Code    50  ht32f5xxxx_ckcu.o(i.CKCU_GetPLLFrequency)
    CKCU_GetPeripFrequency                   0x00000779   Thumb Code    48  ht32f5xxxx_ckcu.o(i.CKCU_GetPeripFrequency)
    CKCU_PeripClockConfig                    0x000007ad   Thumb Code    34  ht32f5xxxx_ckcu.o(i.CKCU_PeripClockConfig)
    GPIO_DirectionConfig                     0x000007d5   Thumb Code    16  ht32f5xxxx_gpio.o(i.GPIO_DirectionConfig)
    GPIO_DriveConfig                         0x000007e5   Thumb Code    48  ht32f5xxxx_gpio.o(i.GPIO_DriveConfig)
    GPIO_InputConfig                         0x00000815   Thumb Code    16  ht32f5xxxx_gpio.o(i.GPIO_InputConfig)
    GPIO_PullResistorConfig                  0x00000825   Thumb Code    42  ht32f5xxxx_gpio.o(i.GPIO_PullResistorConfig)
    GPIO_ReadInBit                           0x0000084f   Thumb Code    10  ht32f5xxxx_gpio.o(i.GPIO_ReadInBit)
    GPIO_WriteOutBits                        0x00000859   Thumb Code    12  ht32f5xxxx_gpio.o(i.GPIO_WriteOutBits)
    HT32F_DVB_COMInit                        0x00000865   Thumb Code    74  ht32_board.o(i.HT32F_DVB_COMInit)
    HT32F_DVB_LEDInit                        0x000008b5   Thumb Code    84  ht32_board.o(i.HT32F_DVB_LEDInit)
    HT32F_DVB_LEDOff                         0x0000090d   Thumb Code    20  ht32_board.o(i.HT32F_DVB_LEDOff)
    HT32F_DVB_LEDToggle                      0x00000925   Thumb Code    28  ht32_board.o(i.HT32F_DVB_LEDToggle)
    HX_begin                                 0x00000945   Thumb Code    70  hx711.o(i.HX_begin)
    HardFault_Handler                        0x00000991   Thumb Code    10  ht32f5xxxx_01_it.o(i.HardFault_Handler)
    Init_LCD                                 0x000009a1   Thumb Code   138  lcdx.o(i.Init_LCD)
    Keypad_init                              0x00000a31   Thumb Code   312  keypad.o(i.Keypad_init)
    LCD_ClearScreen                          0x00000b75   Thumb Code    64  lcdx.o(i.LCD_ClearScreen)
    LCD_INIT                                 0x00000bb9   Thumb Code   176  lcdx.o(i.LCD_INIT)
    LCD_PrintLine                            0x00000c7d   Thumb Code    52  lcdx.o(i.LCD_PrintLine)
    LCD_PrintWord                            0x00000cb1   Thumb Code   144  lcdx.o(i.LCD_PrintWord)
    LCD_SendCommand                          0x00000d4d   Thumb Code    92  lcdx.o(i.LCD_SendCommand)
    LCD_SendData                             0x00000db1   Thumb Code    80  lcdx.o(i.LCD_SendData)
    MCTM_CHBRKCTRConfig                      0x00000e09   Thumb Code    40  ht32f5xxxx_mctm.o(i.MCTM_CHBRKCTRConfig)
    MCTM_CHMOECmd                            0x00000e31   Thumb Code    18  ht32f5xxxx_mctm.o(i.MCTM_CHMOECmd)
    NMI_Handler                              0x00000e43   Thumb Code     2  ht32f5xxxx_01_it.o(i.NMI_Handler)
    OWFirst                                  0x00000e45   Thumb Code    18  lcdx.o(i.OWFirst)
    OWNext                                   0x00000e5d   Thumb Code     8  lcdx.o(i.OWNext)
    OWReadBit                                0x00000e65   Thumb Code    86  lcdx.o(i.OWReadBit)
    OWSearch                                 0x00000ec5   Thumb Code   260  lcdx.o(i.OWSearch)
    OWTouchReset                             0x00000fcd   Thumb Code   100  lcdx.o(i.OWTouchReset)
    OWWriteBit                               0x00001039   Thumb Code    72  lcdx.o(i.OWWriteBit)
    OWWriteByte                              0x00001089   Thumb Code    26  lcdx.o(i.OWWriteByte)
    PWRCU_CheckReadyAccessed                 0x000010a5   Thumb Code    24  ht32f5xxxx_pwrcu.o(i.PWRCU_CheckReadyAccessed)
    PWRCU_DeInit                             0x000010c5   Thumb Code    22  ht32f5xxxx_pwrcu.o(i.PWRCU_DeInit)
    PendSV_Handler                           0x000010e1   Thumb Code     2  ht32f5xxxx_01_it.o(i.PendSV_Handler)
    RETARGET_Configuration                   0x000010e3   Thumb Code    30  ht32_retarget.o(i.RETARGET_Configuration)
    RTC_ClockSourceConfig                    0x00001101   Thumb Code    16  ht32f5xxxx_rtc.o(i.RTC_ClockSourceConfig)
    RTC_Cmd                                  0x00001115   Thumb Code    22  ht32f5xxxx_rtc.o(i.RTC_Cmd)
    RTC_Configuration                        0x00001131   Thumb Code    52  rtc.o(i.RTC_Configuration)
    RTC_GetCounter                           0x00001165   Thumb Code     6  ht32f5xxxx_rtc.o(i.RTC_GetCounter)
    RTC_GetFlagStatus                        0x00001171   Thumb Code     8  ht32f5xxxx_rtc.o(i.RTC_GetFlagStatus)
    RTC_INIT                                 0x0000117d   Thumb Code    42  rtc.o(i.RTC_INIT)
    RTC_IRQHandler                           0x000011ad   Thumb Code    24  rtc.o(i.RTC_IRQHandler)
    RTC_IntConfig                            0x000011c9   Thumb Code    18  ht32f5xxxx_rtc.o(i.RTC_IntConfig)
    RTC_LSECmd                               0x000011e1   Thumb Code    36  ht32f5xxxx_rtc.o(i.RTC_LSECmd)
    RTC_LSESMConfig                          0x0000120d   Thumb Code    16  ht32f5xxxx_rtc.o(i.RTC_LSESMConfig)
    RTC_SetPrescaler                         0x00001221   Thumb Code    14  ht32f5xxxx_rtc.o(i.RTC_SetPrescaler)
    SVC_Handler                              0x00001239   Thumb Code     2  ht32f5xxxx_01_it.o(i.SVC_Handler)
    SYSTICK_ClockSourceConfig                0x0000123d   Thumb Code    20  ht32_cm0plus_misc.o(i.SYSTICK_ClockSourceConfig)
    SYSTICK_CounterCmd                       0x00001255   Thumb Code    32  ht32_cm0plus_misc.o(i.SYSTICK_CounterCmd)
    SYSTICK_IntConfig                        0x00001279   Thumb Code    20  ht32_cm0plus_misc.o(i.SYSTICK_IntConfig)
    SYSTICK_SetReloadValue                   0x00001291   Thumb Code     6  ht32_cm0plus_misc.o(i.SYSTICK_SetReloadValue)
    SetSpeed                                 0x0000129d   Thumb Code   176  lcdx.o(i.SetSpeed)
    SysTick_Handler                          0x00001371   Thumb Code     2  ht32f5xxxx_01_it.o(i.SysTick_Handler)
    SystemInit                               0x00001375   Thumb Code   232  system_ht32f5xxxx_01.o(i.SystemInit)
    TDL                                      0x00001471   Thumb Code    94  rtc.o(i.TDL)
    TM_Cmd                                   0x000014e9   Thumb Code    20  ht32f5xxxx_tm.o(i.TM_Cmd)
    TM_OutputInit                            0x000014fd   Thumb Code   156  ht32f5xxxx_tm.o(i.TM_OutputInit)
    TM_TimeBaseInit                          0x0000159d   Thumb Code    58  ht32f5xxxx_tm.o(i.TM_TimeBaseInit)
    USART_Init                               0x000015dd   Thumb Code   114  ht32f5xxxx_usart.o(i.USART_Init)
    USART_TxRxCmd                            0x00001661   Thumb Code    20  ht32f5xxxx_usart.o(i.USART_TxRxCmd)
    __0sprintf$6                             0x000016bd   Thumb Code    36  printf6.o(i.__0sprintf$6)
    __1sprintf$6                             0x000016bd   Thumb Code     0  printf6.o(i.__0sprintf$6)
    __2sprintf                               0x000016bd   Thumb Code     0  printf6.o(i.__0sprintf$6)
    __ARM_clz                                0x000016e5   Thumb Code    46  depilogue.o(i.__ARM_clz)
    __ARM_common_switch8                     0x00001713   Thumb Code    26  ht32f5xxxx_ckcu.o(i.__ARM_common_switch8)
    __scatterload_copy                       0x0000172d   Thumb Code    14  handlers.o(i.__scatterload_copy)
    __scatterload_null                       0x0000173b   Thumb Code     2  handlers.o(i.__scatterload_null)
    __scatterload_zeroinit                   0x0000173d   Thumb Code    14  handlers.o(i.__scatterload_zeroinit)
    delay                                    0x00001aa7   Thumb Code    18  lcdx.o(i.delay)
    delay_ms                                 0x00001ab9   Thumb Code    28  delay.o(i.delay_ms)
    delay_us                                 0x00001ad5   Thumb Code    78  delay.o(i.delay_us)
    docrc8                                   0x00001b31   Thumb Code    16  lcdx.o(i.docrc8)
    getKeys                                  0x00001b45   Thumb Code    52  keypad.o(i.getKeys)
    get_units                                0x00001b7d   Thumb Code    20  hx711.o(i.get_units)
    get_value                                0x00001b95   Thumb Code    14  hx711.o(i.get_value)
    main                                     0x00001ba9   Thumb Code   906  main.o(i.main)
    motor_init                               0x00001fd5   Thumb Code   310  motor.o(i.motor_init)
    power_down                               0x00002125   Thumb Code    26  hx711.o(i.power_down)
    power_up                                 0x00002145   Thumb Code    14  hx711.o(i.power_up)
    reKeys                                   0x00002159   Thumb Code    56  keypad.o(i.reKeys)
    reR                                      0x0000219d   Thumb Code     6  lcdx.o(i.reR)
    read                                     0x000021a9   Thumb Code   128  hx711.o(i.read)
    readAV                                   0x00002231   Thumb Code    40  hx711.o(i.readAV)
    scan                                     0x00002259   Thumb Code    74  keypad.o(i.scan)
    scanKeys                                 0x000022ad   Thumb Code   154  keypad.o(i.scanKeys)
    set_scale                                0x00002351   Thumb Code     6  hx711.o(i.set_scale)
    shiftIn                                  0x0000235d   Thumb Code    58  hx711.o(i.shiftIn)
    tare                                     0x0000239d   Thumb Code    14  hx711.o(i.tare)
    LED_GPIO_ID                              0x000023f4   Data           3  ht32_board.o(.constdata)
    LED_AFIO_MODE                            0x000023f7   Data           3  ht32_board.o(.constdata)
    BUTTON_GPIO_ID                           0x000023fa   Data           3  ht32_board.o(.constdata)
    BUTTON_AFIO_MODE                         0x000023fd   Data           3  ht32_board.o(.constdata)
    BUTTON_EXTI_CH                           0x00002400   Data           3  ht32_board.o(.constdata)
    LED_GPIO_PIN                             0x00002404   Data           6  ht32_board.o(.constdata)
    BUTTON_GPIO_PIN                          0x0000240a   Data           6  ht32_board.o(.constdata)
    GPIO_PORT                                0x00002410   Data          24  ht32_board.o(.constdata)
    gCOMInfo                                 0x00002428   Data          16  ht32_board.o(.constdata)
    Region$$Table$$Base                      0x00002438   Number         0  anon$$obj.o(Region$$Table)
    Region$$Table$$Limit                     0x00002458   Number         0  anon$$obj.o(Region$$Table)
    num                                      0x20000004   Data           1  main.o(.data)
    rslt                                     0x20000005   Data           1  main.o(.data)
    fg                                       0x20000008   Data           4  main.o(.data)
    gwTimeDisplay                            0x2000000c   Data           4  main.o(.data)
    yearz                                    0x20000010   Data           4  main.o(.data)
    monthz                                   0x20000014   Data           4  main.o(.data)
    dayz                                     0x20000018   Data           4  main.o(.data)
    hr                                       0x2000001c   Data           4  main.o(.data)
    min                                      0x20000020   Data           4  main.o(.data)
    ihr                                      0x20000024   Data           4  main.o(.data)
    imin                                     0x20000028   Data           4  main.o(.data)
    chi                                      0x2000002c   Data          16  main.o(.data)
    ch1                                      0x2000003c   Data          16  main.o(.data)
    ch2                                      0x2000004c   Data          16  main.o(.data)
    ch3                                      0x2000005c   Data          16  main.o(.data)
    SystemCoreClock                          0x2000006c   Data           4  system_ht32f5xxxx_01.o(.data)
    LastDiscrepancy                          0x20000070   Data           1  lcdx.o(.data)
    LastFamilyDiscrepancy                    0x20000071   Data           1  lcdx.o(.data)
    LastDeviceFlag                           0x20000072   Data           1  lcdx.o(.data)
    crc8                                     0x20000073   Data           1  lcdx.o(.data)
    A                                        0x20000074   Data           4  lcdx.o(.data)
    B                                        0x20000078   Data           4  lcdx.o(.data)
    C                                        0x2000007c   Data           4  lcdx.o(.data)
    D                                        0x20000080   Data           4  lcdx.o(.data)
    E                                        0x20000084   Data           4  lcdx.o(.data)
    F                                        0x20000088   Data           4  lcdx.o(.data)
    G                                        0x2000008c   Data           4  lcdx.o(.data)
    H                                        0x20000090   Data           4  lcdx.o(.data)
    I                                        0x20000094   Data           4  lcdx.o(.data)
    J                                        0x20000098   Data           4  lcdx.o(.data)
    k                                        0x2000009c   Data           4  lcdx.o(.data)
    ROM_NO                                   0x200000a0   Data           8  lcdx.o(.data)
    _gain                                    0x20000798   Data           1  hx711.o(.data)
    m                                        0x20000799   Data           1  hx711.o(.data)
    _offset                                  0x2000079c   Data           4  hx711.o(.data)
    _scale                                   0x200007a0   Data           4  hx711.o(.data)
    v                                        0x200007a4   Data           4  hx711.o(.data)
    s                                        0x200007a8   Data           1  keypad.o(.data)
    bk                                       0x200007ac   Data           4  keypad.o(.data)
    kcode                                    0x200007b0   Data           4  keypad.o(.data)
    ch0                                      0x200007b4   Data          16  main.o(.bss)
    array                                    0x200007c4   Data          32  main.o(.bss)
    LCDLine                                  0x200007e4   Data          68  lcdx.o(.bss)
    MCTM_TimeBaseInitStructure               0x20000828   Data          16  motor.o(.bss)
    MCTM_OutputInitStructure                 0x20000838   Data          14  motor.o(.bss)
    MCTM_CHBRKCTRInitStructure               0x20000848   Data          28  motor.o(.bss)
    __HT_check_sp                            0x20000868   Data           0  startup_ht32f5xxxx_01.o(STACK)
    __initial_sp                             0x20000a68   Data           0  startup_ht32f5xxxx_01.o(STACK)



==============================================================================

Memory Map of the image

  Image Entry point : 0x000000c1

  Load Region LR_1 (Base: 0x00000000, Size: 0x00002c0c, Max: 0xffffffff, ABSOLUTE, COMPRESSED[0x000028ac])

    Execution Region ER_RO (Exec base: 0x00000000, Load base: 0x00000000, Size: 0x00002458, Max: 0xffffffff, ABSOLUTE)

    Exec Addr    Load Addr    Size         Type   Attr      Idx    E Section Name        Object

    0x00000000   0x00000000   0x00000164   Code   RO          276  * RESET               startup_ht32f5xxxx_01.o
    0x00000164   0x00000164   0x00000000   Code   RO         3823  * .ARM.Collect$$$$00000000  mc_p.l(entry.o)
    0x00000164   0x00000164   0x00000004   Code   RO         4117    .ARM.Collect$$$$00000001  mc_p.l(entry2.o)
    0x00000168   0x00000168   0x00000004   Code   RO         4120    .ARM.Collect$$$$00000004  mc_p.l(entry5.o)
    0x0000016c   0x0000016c   0x00000000   Code   RO         4122    .ARM.Collect$$$$00000008  mc_p.l(entry7b.o)
    0x0000016c   0x0000016c   0x00000000   Code   RO         4124    .ARM.Collect$$$$0000000A  mc_p.l(entry8b.o)
    0x0000016c   0x0000016c   0x00000008   Code   RO         4125    .ARM.Collect$$$$0000000B  mc_p.l(entry9a.o)
    0x00000174   0x00000174   0x00000000   Code   RO         4127    .ARM.Collect$$$$0000000D  mc_p.l(entry10a.o)
    0x00000174   0x00000174   0x00000000   Code   RO         4129    .ARM.Collect$$$$0000000F  mc_p.l(entry11a.o)
    0x00000174   0x00000174   0x00000004   Code   RO         4118    .ARM.Collect$$$$00002712  mc_p.l(entry2.o)
    0x00000178   0x00000178   0x0000002c   Code   RO         3828    .text               mc_p.l(uidiv.o)
    0x000001a4   0x000001a4   0x00000028   Code   RO         3830    .text               mc_p.l(idiv.o)
    0x000001cc   0x000001cc   0x00000024   Code   RO         3832    .text               mc_p.l(memcpya.o)
    0x000001f0   0x000001f0   0x0000000e   Code   RO         3834    .text               mc_p.l(strlen.o)
    0x000001fe   0x000001fe   0x0000001e   Code   RO         3836    .text               mc_p.l(strncmp.o)
    0x0000021c   0x0000021c   0x00000014   Code   RO         4101    .text               mc_p.l(uread4.o)
    0x00000230   0x00000230   0x0000007c   Code   RO         4103    .text               mf_p.l(fdiv.o)
    0x000002ac   0x000002ac   0x000000d0   Code   RO         4105    .text               mf_p.l(dmul.o)
    0x0000037c   0x0000037c   0x0000002c   Code   RO         4107    .text               mf_p.l(dscalb.o)
    0x000003a8   0x000003a8   0x00000016   Code   RO         4109    .text               mf_p.l(fflti.o)
    0x000003be   0x000003be   0x00000002   PAD
    0x000003c0   0x000003c0   0x00000028   Code   RO         4111    .text               mf_p.l(dflti.o)
    0x000003e8   0x000003e8   0x00000032   Code   RO         4113    .text               mf_p.l(ffixi.o)
    0x0000041a   0x0000041a   0x00000002   PAD
    0x0000041c   0x0000041c   0x00000048   Code   RO         4115    .text               mf_p.l(dfixi.o)
    0x00000464   0x00000464   0x00000022   Code   RO         4133    .text               mc_p.l(llushr.o)
    0x00000486   0x00000486   0x00000000   Code   RO         4135    .text               mc_p.l(iusefp.o)
    0x00000486   0x00000486   0x00000082   Code   RO         4136    .text               mf_p.l(fepilogue.o)
    0x00000508   0x00000508   0x000000be   Code   RO         4138    .text               mf_p.l(depilogue.o)
    0x000005c6   0x000005c6   0x00000002   PAD
    0x000005c8   0x000005c8   0x00000024   Code   RO         4150    .text               mc_p.l(init.o)
    0x000005ec   0x000005ec   0x00000020   Code   RO         4152    .text               mc_p.l(llshl.o)
    0x0000060c   0x0000060c   0x00000056   Code   RO         4164    .text               mc_p.l(__dczerorl2.o)
    0x00000662   0x00000662   0x00000002   PAD
    0x00000664   0x00000664   0x00000058   Code   RO         1254    i.AFIO_GPxConfig    ht32f5xxxx_gpio.o
    0x000006bc   0x000006bc   0x00000014   Code   RO          695    i.CKCU_GetClockReadyStatus  ht32f5xxxx_ckcu.o
    0x000006d0   0x000006d0   0x0000006c   Code   RO          696    i.CKCU_GetClocksFrequency  ht32f5xxxx_ckcu.o
    0x0000073c   0x0000073c   0x0000003c   Code   RO          698    i.CKCU_GetPLLFrequency  ht32f5xxxx_ckcu.o
    0x00000778   0x00000778   0x00000034   Code   RO          699    i.CKCU_GetPeripFrequency  ht32f5xxxx_ckcu.o
    0x000007ac   0x000007ac   0x00000028   Code   RO          714    i.CKCU_PeripClockConfig  ht32f5xxxx_ckcu.o
    0x000007d4   0x000007d4   0x00000010   Code   RO         1257    i.GPIO_DirectionConfig  ht32f5xxxx_gpio.o
    0x000007e4   0x000007e4   0x00000030   Code   RO         1259    i.GPIO_DriveConfig  ht32f5xxxx_gpio.o
    0x00000814   0x00000814   0x00000010   Code   RO         1261    i.GPIO_InputConfig  ht32f5xxxx_gpio.o
    0x00000824   0x00000824   0x0000002a   Code   RO         1266    i.GPIO_PullResistorConfig  ht32f5xxxx_gpio.o
    0x0000084e   0x0000084e   0x0000000a   Code   RO         1267    i.GPIO_ReadInBit    ht32f5xxxx_gpio.o
    0x00000858   0x00000858   0x0000000c   Code   RO         1272    i.GPIO_WriteOutBits  ht32f5xxxx_gpio.o
    0x00000864   0x00000864   0x00000050   Code   RO         3231    i.HT32F_DVB_COMInit  ht32_board.o
    0x000008b4   0x000008b4   0x00000058   Code   RO         3232    i.HT32F_DVB_LEDInit  ht32_board.o
    0x0000090c   0x0000090c   0x00000018   Code   RO         3233    i.HT32F_DVB_LEDOff  ht32_board.o
    0x00000924   0x00000924   0x00000020   Code   RO         3235    i.HT32F_DVB_LEDToggle  ht32_board.o
    0x00000944   0x00000944   0x0000004c   Code   RO         3584    i.HX_begin          hx711.o
    0x00000990   0x00000990   0x00000010   Code   RO            3    i.HardFault_Handler  ht32f5xxxx_01_it.o
    0x000009a0   0x000009a0   0x00000090   Code   RO         3413    i.Init_LCD          lcdx.o
    0x00000a30   0x00000a30   0x00000144   Code   RO         3742    i.Keypad_init       keypad.o
    0x00000b74   0x00000b74   0x00000044   Code   RO         3414    i.LCD_ClearScreen   lcdx.o
    0x00000bb8   0x00000bb8   0x000000c4   Code   RO         3415    i.LCD_INIT          lcdx.o
    0x00000c7c   0x00000c7c   0x00000034   Code   RO         3416    i.LCD_PrintLine     lcdx.o
    0x00000cb0   0x00000cb0   0x0000009c   Code   RO         3417    i.LCD_PrintWord     lcdx.o
    0x00000d4c   0x00000d4c   0x00000064   Code   RO         3418    i.LCD_SendCommand   lcdx.o
    0x00000db0   0x00000db0   0x00000058   Code   RO         3419    i.LCD_SendData      lcdx.o
    0x00000e08   0x00000e08   0x00000028   Code   RO         1666    i.MCTM_CHBRKCTRConfig  ht32f5xxxx_mctm.o
    0x00000e30   0x00000e30   0x00000012   Code   RO         1668    i.MCTM_CHMOECmd     ht32f5xxxx_mctm.o
    0x00000e42   0x00000e42   0x00000002   Code   RO            4    i.NMI_Handler       ht32f5xxxx_01_it.o
    0x00000e44   0x00000e44   0x00000018   Code   RO         3420    i.OWFirst           lcdx.o
    0x00000e5c   0x00000e5c   0x00000008   Code   RO         3421    i.OWNext            lcdx.o
    0x00000e64   0x00000e64   0x00000060   Code   RO         3422    i.OWReadBit         lcdx.o
    0x00000ec4   0x00000ec4   0x00000108   Code   RO         3424    i.OWSearch          lcdx.o
    0x00000fcc   0x00000fcc   0x0000006c   Code   RO         3425    i.OWTouchReset      lcdx.o
    0x00001038   0x00001038   0x00000050   Code   RO         3426    i.OWWriteBit        lcdx.o
    0x00001088   0x00001088   0x0000001a   Code   RO         3427    i.OWWriteByte       lcdx.o
    0x000010a2   0x000010a2   0x00000002   PAD
    0x000010a4   0x000010a4   0x00000020   Code   RO         1780    i.PWRCU_CheckReadyAccessed  ht32f5xxxx_pwrcu.o
    0x000010c4   0x000010c4   0x0000001c   Code   RO         1782    i.PWRCU_DeInit      ht32f5xxxx_pwrcu.o
    0x000010e0   0x000010e0   0x00000002   Code   RO            5    i.PendSV_Handler    ht32f5xxxx_01_it.o
    0x000010e2   0x000010e2   0x0000001e   Code   RO         3317    i.RETARGET_Configuration  ht32_retarget.o
    0x00001100   0x00001100   0x00000014   Code   RO         1985    i.RTC_ClockSourceConfig  ht32f5xxxx_rtc.o
    0x00001114   0x00001114   0x0000001c   Code   RO         1986    i.RTC_Cmd           ht32f5xxxx_rtc.o
    0x00001130   0x00001130   0x00000034   Code   RO         3691    i.RTC_Configuration  rtc.o
    0x00001164   0x00001164   0x0000000c   Code   RO         1989    i.RTC_GetCounter    ht32f5xxxx_rtc.o
    0x00001170   0x00001170   0x0000000c   Code   RO         1990    i.RTC_GetFlagStatus  ht32f5xxxx_rtc.o
    0x0000117c   0x0000117c   0x00000030   Code   RO         3692    i.RTC_INIT          rtc.o
    0x000011ac   0x000011ac   0x0000001c   Code   RO         3693    i.RTC_IRQHandler    rtc.o
    0x000011c8   0x000011c8   0x00000018   Code   RO         1993    i.RTC_IntConfig     ht32f5xxxx_rtc.o
    0x000011e0   0x000011e0   0x0000002c   Code   RO         1994    i.RTC_LSECmd        ht32f5xxxx_rtc.o
    0x0000120c   0x0000120c   0x00000014   Code   RO         1995    i.RTC_LSESMConfig   ht32f5xxxx_rtc.o
    0x00001220   0x00001220   0x00000018   Code   RO         2000    i.RTC_SetPrescaler  ht32f5xxxx_rtc.o
    0x00001238   0x00001238   0x00000002   Code   RO            6    i.SVC_Handler       ht32f5xxxx_01_it.o
    0x0000123a   0x0000123a   0x00000002   PAD
    0x0000123c   0x0000123c   0x00000018   Code   RO          413    i.SYSTICK_ClockSourceConfig  ht32_cm0plus_misc.o
    0x00001254   0x00001254   0x00000024   Code   RO          414    i.SYSTICK_CounterCmd  ht32_cm0plus_misc.o
    0x00001278   0x00001278   0x00000018   Code   RO          415    i.SYSTICK_IntConfig  ht32_cm0plus_misc.o
    0x00001290   0x00001290   0x0000000c   Code   RO          416    i.SYSTICK_SetReloadValue  ht32_cm0plus_misc.o
    0x0000129c   0x0000129c   0x000000d4   Code   RO         3429    i.SetSpeed          lcdx.o
    0x00001370   0x00001370   0x00000002   Code   RO            7    i.SysTick_Handler   ht32f5xxxx_01_it.o
    0x00001372   0x00001372   0x00000002   PAD
    0x00001374   0x00001374   0x000000fc   Code   RO          376    i.SystemInit        system_ht32f5xxxx_01.o
    0x00001470   0x00001470   0x00000078   Code   RO         3695    i.TDL               rtc.o
    0x000014e8   0x000014e8   0x00000014   Code   RO         2381    i.TM_Cmd            ht32f5xxxx_tm.o
    0x000014fc   0x000014fc   0x000000a0   Code   RO         2400    i.TM_OutputInit     ht32f5xxxx_tm.o
    0x0000159c   0x0000159c   0x00000040   Code   RO         2414    i.TM_TimeBaseInit   ht32f5xxxx_tm.o
    0x000015dc   0x000015dc   0x00000084   Code   RO         2693    i.USART_Init        ht32f5xxxx_usart.o
    0x00001660   0x00001660   0x00000014   Code   RO         2715    i.USART_TxRxCmd     ht32f5xxxx_usart.o
    0x00001674   0x00001674   0x00000048   Code   RO         3238    i._HT32F_DVB_ClockConfig  ht32_board.o
    0x000016bc   0x000016bc   0x00000028   Code   RO         3997    i.__0sprintf$6      mc_p.l(printf6.o)
    0x000016e4   0x000016e4   0x0000002e   Code   RO         4140    i.__ARM_clz         mf_p.l(depilogue.o)
    0x00001712   0x00001712   0x0000001a   Code   RO          887    i.__ARM_common_switch8  ht32f5xxxx_ckcu.o
    0x0000172c   0x0000172c   0x0000000e   Code   RO         4158    i.__scatterload_copy  mc_p.l(handlers.o)
    0x0000173a   0x0000173a   0x00000002   Code   RO         4159    i.__scatterload_null  mc_p.l(handlers.o)
    0x0000173c   0x0000173c   0x0000000e   Code   RO         4160    i.__scatterload_zeroinit  mc_p.l(handlers.o)
    0x0000174a   0x0000174a   0x00000002   PAD
    0x0000174c   0x0000174c   0x00000304   Code   RO         4002    i._printf_core      mc_p.l(printf6.o)
    0x00001a50   0x00001a50   0x00000020   Code   RO         4003    i._printf_post_padding  mc_p.l(printf6.o)
    0x00001a70   0x00001a70   0x0000002c   Code   RO         4004    i._printf_pre_padding  mc_p.l(printf6.o)
    0x00001a9c   0x00001a9c   0x0000000a   Code   RO         4006    i._sputc            mc_p.l(printf6.o)
    0x00001aa6   0x00001aa6   0x00000012   Code   RO         3430    i.delay             lcdx.o
    0x00001ab8   0x00001ab8   0x0000001c   Code   RO         3552    i.delay_ms          delay.o
    0x00001ad4   0x00001ad4   0x0000005c   Code   RO         3554    i.delay_us          delay.o
    0x00001b30   0x00001b30   0x00000014   Code   RO         3431    i.docrc8            lcdx.o
    0x00001b44   0x00001b44   0x00000038   Code   RO         3743    i.getKeys           keypad.o
    0x00001b7c   0x00001b7c   0x00000018   Code   RO         3585    i.get_units         hx711.o
    0x00001b94   0x00001b94   0x00000014   Code   RO         3586    i.get_value         hx711.o
    0x00001ba8   0x00001ba8   0x0000042c   Code   RO          184    i.main              main.o
    0x00001fd4   0x00001fd4   0x00000150   Code   RO         3790    i.motor_init        motor.o
    0x00002124   0x00002124   0x00000020   Code   RO         3588    i.power_down        hx711.o
    0x00002144   0x00002144   0x00000014   Code   RO         3589    i.power_up          hx711.o
    0x00002158   0x00002158   0x00000044   Code   RO         3744    i.reKeys            keypad.o
    0x0000219c   0x0000219c   0x0000000c   Code   RO         3432    i.reR               lcdx.o
    0x000021a8   0x000021a8   0x00000088   Code   RO         3590    i.read              hx711.o
    0x00002230   0x00002230   0x00000028   Code   RO         3591    i.readAV            hx711.o
    0x00002258   0x00002258   0x00000054   Code   RO         3745    i.scan              keypad.o
    0x000022ac   0x000022ac   0x000000a4   Code   RO         3746    i.scanKeys          keypad.o
    0x00002350   0x00002350   0x0000000c   Code   RO         3593    i.set_scale         hx711.o
    0x0000235c   0x0000235c   0x00000040   Code   RO         3594    i.shiftIn           hx711.o
    0x0000239c   0x0000239c   0x00000014   Code   RO         3595    i.tare              hx711.o
    0x000023b0   0x000023b0   0x00000044   Data   RO          187    .constdata          main.o
    0x000023f4   0x000023f4   0x00000044   Data   RO         3239    .constdata          ht32_board.o
    0x00002438   0x00002438   0x00000020   Data   RO         4156    Region$$Table       anon$$obj.o


    Execution Region ER_RW (Exec base: 0x20000000, Load base: 0x00002458, Size: 0x000007b4, Max: 0xffffffff, ABSOLUTE, COMPRESSED[0x00000454])

    Exec Addr    Load Addr    Size         Type   Attr      Idx    E Section Name        Object

    0x20000000   COMPRESSED   0x00000004   Data   RW            8    .data               ht32f5xxxx_01_it.o
    0x20000004   COMPRESSED   0x00000068   Data   RW          189    .data               main.o
    0x2000006c   COMPRESSED   0x00000004   Data   RW          377    .data               system_ht32f5xxxx_01.o
    0x20000070   COMPRESSED   0x00000728   Data   RW         3434    .data               lcdx.o
    0x20000798   COMPRESSED   0x00000010   Data   RW         3599    .data               hx711.o
    0x200007a8   COMPRESSED   0x0000000c   Data   RW         3747    .data               keypad.o


    Execution Region ER_ZI (Exec base: 0x200007b4, Load base: 0x000028ac, Size: 0x000002b4, Max: 0xffffffff, ABSOLUTE)

    Exec Addr    Load Addr    Size         Type   Attr      Idx    E Section Name        Object

    0x200007b4        -       0x00000030   Zero   RW          185    .bss                main.o
    0x200007e4        -       0x00000044   Zero   RW         3433    .bss                lcdx.o
    0x20000828        -       0x0000003c   Zero   RW         3792    .bss                motor.o
    0x20000864   0x000028ac   0x00000004   PAD
    0x20000868        -       0x00000200   Zero   RW          274    STACK               startup_ht32f5xxxx_01.o


==============================================================================

Image component sizes


      Code (inc. data)   RO Data    RW Data    ZI Data      Debug   Object Name

       120         14          0          0          0       1342   delay.o
       296         18         68          0          0      16252   ht32_board.o
        96         18          0          0          0       2254   ht32_cm0plus_misc.o
        30          0          0          0          0        485   ht32_retarget.o
        24          6          0          4          0      60635   ht32f5xxxx_01_it.o
       306         44          0          0          0       5872   ht32f5xxxx_ckcu.o
       232          6          0          0          0       5445   ht32f5xxxx_gpio.o
        58          0          0          0          0       1622   ht32f5xxxx_mctm.o
        60         14          0          0          0       1114   ht32f5xxxx_pwrcu.o
       184         48          0          0          0       4185   ht32f5xxxx_rtc.o
       244         10          0          0          0       3590   ht32f5xxxx_tm.o
       152         18          0          0          0       2409   ht32f5xxxx_usart.o
       444         54          0         16          0       5595   hx711.o
       696         48          0         12          0       2996   keypad.o
      1672        140          0       1832         68      11507   lcdx.o
      1068        162         68        104         48       3373   main.o
       336         26          0          0         60       1008   motor.o
       248         36          0          0          0       2010   rtc.o
       356        238          0          0        512        676   startup_ht32f5xxxx_01.o
       252         20          0          4          0       1811   system_ht32f5xxxx_01.o

    ----------------------------------------------------------------------
      6880        920        168       1972        692     134181   Object Totals
         0          0         32          0          0          0   (incl. Generated)
         6          0          0          0          4          0   (incl. Padding)

    ----------------------------------------------------------------------

      Code (inc. data)   RO Data    RW Data    ZI Data      Debug   Library Member Name

        86          0          0          0          0          0   __dczerorl2.o
         0          0          0          0          0          0   entry.o
         0          0          0          0          0          0   entry10a.o
         0          0          0          0          0          0   entry11a.o
         8          4          0          0          0          0   entry2.o
         4          0          0          0          0          0   entry5.o
         0          0          0          0          0          0   entry7b.o
         0          0          0          0          0          0   entry8b.o
         8          4          0          0          0          0   entry9a.o
        30          0          0          0          0          0   handlers.o
        40          0          0          0          0         72   idiv.o
        36          8          0          0          0         68   init.o
         0          0          0          0          0          0   iusefp.o
        32          0          0          0          0         68   llshl.o
        34          0          0          0          0         68   llushr.o
        36          0          0          0          0         60   memcpya.o
       898          8          0          0          0        384   printf6.o
        14          0          0          0          0         60   strlen.o
        30          0          0          0          0         72   strncmp.o
        44          0          0          0          0         72   uidiv.o
        20          0          0          0          0         60   uread4.o
       236          0          0          0          0        216   depilogue.o
        72         10          0          0          0         72   dfixi.o
        40          6          0          0          0         68   dflti.o
       208          6          0          0          0         88   dmul.o
        44          0          0          0          0         72   dscalb.o
       124          0          0          0          0         72   fdiv.o
       130          0          0          0          0        144   fepilogue.o
        50          0          0          0          0         60   ffixi.o
        22          0          0          0          0         68   fflti.o

    ----------------------------------------------------------------------
      2256         46          0          0          0       1844   Library Totals
        10          0          0          0          0          0   (incl. Padding)

    ----------------------------------------------------------------------

      Code (inc. data)   RO Data    RW Data    ZI Data      Debug   Library Name

      1320         24          0          0          0        984   mc_p.l
       926         22          0          0          0        860   mf_p.l

    ----------------------------------------------------------------------
      2256         46          0          0          0       1844   Library Totals

    ----------------------------------------------------------------------

==============================================================================


      Code (inc. data)   RO Data    RW Data    ZI Data      Debug   

      9136        966        168       1972        692     131629   Grand Totals
      9136        966        168       1108        692     131629   ELF Image Totals (compressed)
      9136        966        168       1108          0          0   ROM Totals

==============================================================================

    Total RO  Size (Code + RO Data)                 9304 (   9.09kB)
    Total RW  Size (RW Data + ZI Data)              2664 (   2.60kB)
    Total ROM Size (Code + RO Data + RW Data)      10412 (  10.17kB)

==============================================================================

