<html>
<body>
<pre>
<h1>µVision Build Log</h1>
<h2>Tool Versions:</h2>
IDE-Version: £gVision V5.31.0.0
Copyright (C) 2020 ARM Ltd and ARM Germany GmbH. All rights reserved.
License Information: ·qµú ¶À, ­Ó¤H, LIC=----
 
Tool Versions:
Toolchain:       MDK-Lite  Version: 5.31.0.0
Toolchain Path:  D:\Keil_v5\ARM\ARMCC\Bin
C Compiler:      Armcc.exe V5.06 update 6 (build 750)
Assembler:       Armasm.exe V5.06 update 6 (build 750)
Linker/Locator:  ArmLink.exe V5.06 update 6 (build 750)
Library Manager: ArmAr.exe V5.06 update 6 (build 750)
Hex Converter:   FromElf.exe V5.06 update 6 (build 750)
CPU DLL:         SARMCM3.DLL V5.31.0.0
Dialog DLL:      DARMCM1.DLL V1.19.3.0
Target DLL:      CMSIS_AGDI.dll V1.32.6.0
Dialog DLL:      TARMCM1.DLL V1.14.2.0
 
<h2>Project:</h2>
C:\Users\µúµú\Desktop\LCD\User\Example.uvprojx
Project File Date:  08/31/2020

<h2>Output:</h2>
*** Using Compiler 'V5.06 update 6 (build 750)', folder: 'D:\Keil_v5\ARM\ARMCC\Bin'
Rebuild target 'Target 1'
assembling ht32_op.s...
assembling startup_ht32f5xxxx_01.s...
compiling system_ht32f5xxxx_01.c...
compiling ht32f5xxxx_01_it.c...
compiling ht32_cm0plus_misc.c...
compiling ht32_usbd_core.c...
compiling main.c...
main.c(43): warning:  #177-D: variable "fi"  was declared but never referenced
  	int key0,ikey,fi;
main.c(44): warning:  #177-D: variable "jj"  was declared but never referenced
  	int ch=6,chh,fgg,ii,jj;
main.c(349): warning:  #177-D: variable "e"  was declared but never referenced
    u32 Addr,e=0;
main.c(350): warning:  #550-D: variable "FLASHState"  was set but never used
    FLASH_State FLASHState;
main.c(361): warning:  #550-D: variable "FLASHState"  was set but never used
    FLASH_State FLASHState;
main.c(374): warning:  #177-D: variable "FLASHState"  was declared but never referenced
    FLASH_State FLASHState;
main.c: 6 warnings, 0 errors
compiling ht32f5xxxx_bftm.c...
compiling ht32f5xxxx_adc.c...
compiling ht32f5xxxx_cmp.c...
compiling ht32f5xxxx_crc.c...
compiling ht32f5xxxx_ckcu.c...
compiling ht32f5xxxx_ebi.c...
compiling ht32f5xxxx_flash.c...
compiling ht32f5xxxx_exti.c...
compiling ht32f5xxxx_gpio.c...
compiling ht32f5xxxx_i2s.c...
compiling ht32f5xxxx_mctm.c...
compiling ht32f5xxxx_i2c.c...
compiling ht32f5xxxx_pdma.c...
compiling ht32f5xxxx_rstcu.c...
compiling ht32f5xxxx_rtc.c...
compiling ht32f5xxxx_pwrcu.c...
compiling ht32f5xxxx_sci.c...
compiling ht32f5xxxx_spi.c...
compiling ht32f5xxxx_usart.c...
compiling ht32f5xxxx_wdt.c...
compiling ht32f5xxxx_usbd.c...
compiling ht32f5xxxx_tm.c...
compiling ht32_board.c...
compiling ASC.c...
..\Hardware\LCD\ASC.c(1): warning:  #177-D: variable "dscrc_table"  was declared but never referenced
  static unsigned char dscrc_table[] = {
..\Hardware\LCD\ASC.c(19): warning:  #177-D: variable "Ascii_2"  was declared but never referenced
  static unsigned char Ascii_2[]={
..\Hardware\LCD\ASC.c: 2 warnings, 0 errors
compiling ht32_retarget.c...
compiling ht32_serial.c...
compiling delay.c...
compiling RTC.c...
compiling HX711.c...
compiling LCDx.c...
..\Hardware\LCD\LCDx.c(94): warning:  #188-D: enumerated type mixed with another type
  		GPIO_WriteOutBits(oneWire_pin_1,oneWire_pin_2,data);
..\Hardware\LCD\LCDx.c: 1 warning, 0 errors
compiling Keypad.c...
compiling motor.c...
linking...
Program Size: Code=9136 RO-data=168 RW-data=1972 ZI-data=692  
FromELF: creating hex file...
After Build - User command #1: fromelf --bin -o "..\Obj\Example.axf.bin" "..\Obj\Example.axf"
"..\Obj\Example.axf" - 0 Error(s), 9 Warning(s).

<h2>Software Packages used:</h2>

Package Vendor: Holtek
                http://mcu.holtek.com.tw/pack/Holtek.HT32_DFP.1.0.24.pack
                Holtek.HT32_DFP.1.0.24
                Holtek HT32 Family Support

<h2>Collection of Component include folders:</h2>
  D:\Program Files\Holtek\HT32_DFP\1.0.24\ARM\INC\Holtek\HT32F5xxxx

<h2>Collection of Component Files used:</h2>
Build Time Elapsed:  00:00:04
</pre>
</body>
</html>
